Product: MDK-ARM Professional 5.10
Component: ARM Compiler 5.04 update 1 (build 49)
Tool: armlink [5040049]

==============================================================================

Section Cross References

    main.o(.text) refers to _printf_pad.o(.text) for _printf_pre_padding
    main.o(.text) refers to _printf_percent.o(.ARM.Collect$$_printf_percent$$00000000) for _printf_percent
    main.o(.text) refers to _printf_f.o(.ARM.Collect$$_printf_percent$$00000003) for _printf_f
    main.o(.text) refers to printf1.o(x$fpl$printf1) for _printf_fp_dec
    main.o(.text) refers to stm32f10x_usart.o(.text) for USART_SendData
    main.o(.text) refers to fflt_clz.o(x$fpl$ffltu) for __aeabi_ui2f
    main.o(.text) refers to delay.o(.text) for delay_init
    main.o(.text) refers to sys.o(.text) for NVIC_Configuration
    main.o(.text) refers to led.o(.text) for LED_Init
    main.o(.text) refers to usart.o(.text) for uart_init
    main.o(.text) refers to spi.o(.text) for SPI1_Init
    main.o(.text) refers to lcd.o(.text) for LCD_Init
    main.o(.text) refers to gp2y1010au.o(.text) for GP2Y_Init
    main.o(.text) refers to ffixu.o(x$fpl$ffixu) for __aeabi_f2uiz
    main.o(.text) refers to f2d.o(x$fpl$f2d) for __aeabi_f2d
    main.o(.text) refers to noretval__2printf.o(.text) for __2printf
    main.o(.text) refers to usart.o(.data) for USART_RX_STA2
    main.o(.text) refers to main.o(.data) for len
    main.o(.text) refers to usart.o(.bss) for USART_RX_BUF2
    system_stm32f10x.o(.text) refers to system_stm32f10x.o(.data) for SystemCoreClock
    spi.o(.text) refers to stm32f10x_rcc.o(.text) for RCC_APB2PeriphClockCmd
    spi.o(.text) refers to stm32f10x_gpio.o(.text) for GPIO_Init
    spi.o(.text) refers to stm32f10x_spi.o(.text) for SPI_Init
    led.o(.text) refers to stm32f10x_rcc.o(.text) for RCC_APB2PeriphClockCmd
    led.o(.text) refers to stm32f10x_gpio.o(.text) for GPIO_Init
    adc.o(.text) refers to stm32f10x_rcc.o(.text) for RCC_APB2PeriphClockCmd
    adc.o(.text) refers to stm32f10x_gpio.o(.text) for GPIO_Init
    adc.o(.text) refers to stm32f10x_adc.o(.text) for ADC_DeInit
    adc.o(.text) refers to delay.o(.text) for delay_ms
    lcd.o(.text) refers to stm32f10x_gpio.o(.text) for GPIO_ResetBits
    lcd.o(.text) refers to spi.o(.text) for SPI_WriteByte
    lcd.o(.text) refers to delay.o(.text) for delay_ms
    lcd.o(.text) refers to lcd.o(.bss) for lcddev
    lcd.o(.text) refers to lcd.o(.data) for POINT_COLOR
    lcd.o(.text) refers to lcd.o(.constdata) for hanzi16
    gp2y1010au.o(.text) refers to stm32f10x_rcc.o(.text) for RCC_APB2PeriphClockCmd
    gp2y1010au.o(.text) refers to stm32f10x_gpio.o(.text) for GPIO_Init
    gp2y1010au.o(.text) refers to stm32f10x_adc.o(.text) for ADC_Init
    gp2y1010au.o(.text) refers to delay.o(.text) for delay_us
    gp2y1010au.o(.text) refers to dflt_clz.o(x$fpl$dflt) for __aeabi_i2d
    gp2y1010au.o(.text) refers to ddiv.o(x$fpl$ddiv) for __aeabi_ddiv
    gp2y1010au.o(.text) refers to dfix.o(x$fpl$dfix) for __aeabi_d2iz
    gp2y1010au.o(.text) refers to dflt_clz.o(x$fpl$dfltu) for __aeabi_ui2d
    gp2y1010au.o(.text) refers to dmul.o(x$fpl$dmul) for __aeabi_dmul
    gp2y1010au.o(.text) refers to d2f.o(x$fpl$d2f) for __aeabi_d2f
    gp2y1010au.o(.text) refers to frleqf.o(x$fpl$frleqf) for __aeabi_cfrcmple
    gp2y1010au.o(.text) refers to faddsub_clz.o(x$fpl$fsub) for __aeabi_fsub
    gp2y1010au.o(.text) refers to f2d.o(x$fpl$f2d) for __aeabi_f2d
    gp2y1010au.o(.text) refers to gp2y1010au.o(.data) for flag_first
    gp2y1010au.o(.text) refers to gp2y1010au.o(.bss) for _buff
    delay.o(.text) refers to misc.o(.text) for SysTick_CLKSourceConfig
    delay.o(.text) refers to system_stm32f10x.o(.data) for SystemCoreClock
    delay.o(.text) refers to delay.o(.data) for fac_us
    sys.o(.text) refers to misc.o(.text) for NVIC_PriorityGroupConfig
    usart.o(.text) refers (Special) to use_no_semi_2.o(.text) for __use_no_semihosting
    usart.o(.text) refers to stm32f10x_rcc.o(.text) for RCC_APB2PeriphClockCmd
    usart.o(.text) refers to stm32f10x_usart.o(.text) for USART_DeInit
    usart.o(.text) refers to stm32f10x_gpio.o(.text) for GPIO_Init
    usart.o(.text) refers to misc.o(.text) for NVIC_Init
    usart.o(.text) refers to usart.o(.data) for USART_RX_STA2
    usart.o(.text) refers to usart.o(.bss) for USART_RX_BUF2
    usart.o(.bss) refers (Special) to use_no_semi_2.o(.text) for __use_no_semihosting
    usart.o(.data) refers (Special) to use_no_semi_2.o(.text) for __use_no_semihosting
    startup_stm32f10x_hd.o(STACK) refers (Special) to heapauxi.o(.text) for __use_two_region_memory
    startup_stm32f10x_hd.o(HEAP) refers (Special) to heapauxi.o(.text) for __use_two_region_memory
    startup_stm32f10x_hd.o(RESET) refers (Special) to heapauxi.o(.text) for __use_two_region_memory
    startup_stm32f10x_hd.o(RESET) refers to startup_stm32f10x_hd.o(STACK) for __initial_sp
    startup_stm32f10x_hd.o(RESET) refers to startup_stm32f10x_hd.o(.text) for Reset_Handler
[...]
    ../clib/angel/handlers.s                 0x00000000   Number         0  __scatter_zi.o ABSOLUTE
    ../clib/angel/kernel.s                   0x00000000   Number         0  rtentry.o ABSOLUTE
    ../clib/angel/kernel.s                   0x00000000   Number         0  rtexit.o ABSOLUTE
    ../clib/angel/kernel.s                   0x00000000   Number         0  rtentry4.o ABSOLUTE
    ../clib/angel/kernel.s                   0x00000000   Number         0  rtentry2.o ABSOLUTE
    ../clib/angel/kernel.s                   0x00000000   Number         0  rtexit2.o ABSOLUTE
    ../clib/angel/rt.s                       0x00000000   Number         0  rt_locale_intlibspace.o ABSOLUTE
    ../clib/angel/rt.s                       0x00000000   Number         0  rt_locale.o ABSOLUTE
    ../clib/angel/rt.s                       0x00000000   Number         0  rt_raise.o ABSOLUTE
    ../clib/angel/scatter.s                  0x00000000   Number         0  __scatter.o ABSOLUTE
    ../clib/angel/startup.s                  0x00000000   Number         0  __main.o ABSOLUTE
    ../clib/angel/sys.s                      0x00000000   Number         0  use_no_semi.o ABSOLUTE
    ../clib/angel/sys.s                      0x00000000   Number         0  use_no_semi_2.o ABSOLUTE
    ../clib/angel/sys.s                      0x00000000   Number         0  indicate_semi.o ABSOLUTE
    ../clib/angel/sys.s                      0x00000000   Number         0  sys_stackheap_outer.o ABSOLUTE
    ../clib/angel/sys.s                      0x00000000   Number         0  libspace.o ABSOLUTE
    ../clib/angel/sysapp.c                   0x00000000   Number         0  sys_wrch.o ABSOLUTE
    ../clib/angel/sysapp.c                   0x00000000   Number         0  sys_command.o ABSOLUTE
    ../clib/armsys.c                         0x00000000   Number         0  argv_veneer.o ABSOLUTE
    ../clib/armsys.c                         0x00000000   Number         0  no_argv.o ABSOLUTE
    ../clib/armsys.c                         0x00000000   Number         0  argv_veneer.o ABSOLUTE
    ../clib/armsys.c                         0x00000000   Number         0  _get_argv_nomalloc.o ABSOLUTE
    ../clib/bigflt.c                         0x00000000   Number         0  bigflt0.o ABSOLUTE
    ../clib/btod.s                           0x00000000   Number         0  btod.o ABSOLUTE
    ../clib/heapalloc.c                      0x00000000   Number         0  hrguard.o ABSOLUTE
    ../clib/heapaux.c                        0x00000000   Number         0  heapauxi.o ABSOLUTE
    ../clib/libinit.s                        0x00000000   Number         0  libshutdown2.o ABSOLUTE
    ../clib/libinit.s                        0x00000000   Number         0  libshutdown.o ABSOLUTE
    ../clib/libinit.s                        0x00000000   Number         0  libinit.o ABSOLUTE
    ../clib/libinit.s                        0x00000000   Number         0  libinit2.o ABSOLUTE
    ../clib/locale.s                         0x00000000   Number         0  lc_numeric_c.o ABSOLUTE
    ../clib/longlong.s                       0x00000000   Number         0  lludiv10.o ABSOLUTE
    ../clib/memcpset.s                       0x00000000   Number         0  strcmpv7m.o ABSOLUTE
    ../clib/misc.s                           0x00000000   Number         0  printf_stubs.o ABSOLUTE
    ../clib/printf.c                         0x00000000   Number         0  noretval__2printf.o ABSOLUTE
    ../clib/printf.c                         0x00000000   Number         0  _printf_fp_infnan.o ABSOLUTE
    ../clib/printf.c                         0x00000000   Number         0  __printf.o ABSOLUTE
    ../clib/printf.c                         0x00000000   Number         0  __printf_flags_wp.o ABSOLUTE
    ../clib/printf.c                         0x00000000   Number         0  _printf_char_common.o ABSOLUTE
    ../clib/printf.c                         0x00000000   Number         0  _printf_fp_dec.o ABSOLUTE
    ../clib/printf.c                         0x00000000   Number         0  __2printf.o ABSOLUTE
    ../clib/printf.c                         0x00000000   Number         0  _printf_char_file.o ABSOLUTE
    ../clib/printf.c                         0x00000000   Number         0  __printf_flags_ss_wp.o ABSOLUTE
    ../clib/printf.c                         0x00000000   Number         0  __printf_ss_wp.o ABSOLUTE
    ../clib/printf.c                         0x00000000   Number         0  __printf_nopercent.o ABSOLUTE
    ../clib/printf.c                         0x00000000   Number         0  __printf_wp.o ABSOLUTE
    ../clib/printf.c                         0x00000000   Number         0  __printf_flags_ss.o ABSOLUTE
    ../clib/printf.c                         0x00000000   Number         0  __printf_ss.o ABSOLUTE
    ../clib/printf.c                         0x00000000   Number         0  __printf_flags.o ABSOLUTE
    ../clib/printf.c                         0x00000000   Number         0  _printf_pad.o ABSOLUTE
    ../clib/printf_percent.s                 0x00000000   Number         0  _printf_percent_end.o ABSOLUTE
    ../clib/printf_percent.s                 0x00000000   Number         0  _printf_f.o ABSOLUTE
    ../clib/printf_percent.s                 0x00000000   Number         0  _printf_percent.o ABSOLUTE
    ../clib/signal.c                         0x00000000   Number         0  defsig_rtmem_outer.o ABSOLUTE
    ../clib/signal.c                         0x00000000   Number         0  defsig_fpe_inner.o ABSOLUTE
    ../clib/signal.c                         0x00000000   Number         0  defsig_rtmem_formal.o ABSOLUTE
    ../clib/signal.c                         0x00000000   Number         0  defsig_rtred_inner.o ABSOLUTE
    ../clib/signal.c                         0x00000000   Number         0  defsig_stak_inner.o ABSOLUTE
    ../clib/signal.c                         0x00000000   Number         0  defsig_abrt_inner.o ABSOLUTE
    ../clib/signal.c                         0x00000000   Number         0  defsig_general.o ABSOLUTE
    ../clib/signal.c                         0x00000000   Number         0  __raise.o ABSOLUTE
    ../clib/signal.c                         0x00000000   Number         0  defsig_pvfn_inner.o ABSOLUTE
    ../clib/signal.c                         0x00000000   Number         0  defsig_rtmem_inner.o ABSOLUTE
    ../clib/signal.c                         0x00000000   Number         0  defsig_exit.o ABSOLUTE
    ../clib/signal.c                         0x00000000   Number         0  defsig_cppl_inner.o ABSOLUTE
    ../clib/signal.c                         0x00000000   Number         0  defsig_segv_inner.o ABSOLUTE
    ../clib/signal.c                         0x00000000   Number         0  defsig_other.o ABSOLUTE
    ../clib/signal.s                         0x00000000   Number         0  defsig.o ABSOLUTE
    ../clib/stdio.c                          0x00000000   Number         0  ferror_locked.o ABSOLUTE
    ../clib/stdio.c                          0x00000000   Number         0  ferror.o ABSOLUTE
    ../clib/stdlib.c                         0x00000000   Number         0  exit.o ABSOLUTE
    ../fplib/d2f.s                           0x00000000   Number         0  d2f.o ABSOLUTE
    ../fplib/ddiv.s                          0x00000000   Number         0  ddiv.o ABSOLUTE
    ../fplib/dfix.s                          0x00000000   Number         0  dfix.o ABSOLUTE
    ../fplib/dflt.s                          0x00000000   Number         0  dflt_clz.o ABSOLUTE
    ../fplib/dmul.s                          0x00000000   Number         0  dmul.o ABSOLUTE
    ../fplib/dnaninf.s                       0x00000000   Number         0  dnaninf.o ABSOLUTE
    ../fplib/dretinf.s                       0x00000000   Number         0  dretinf.o ABSOLUTE
    ../fplib/f2d.s                           0x00000000   Number         0  f2d.o ABSOLUTE
    ../fplib/faddsub.s                       0x00000000   Number         0  faddsub_clz.o ABSOLUTE
    ../fplib/fcmpi.s                         0x00000000   Number         0  fcmpi.o ABSOLUTE
    ../fplib/ffixu.s                         0x00000000   Number         0  ffixu.o ABSOLUTE
    ../fplib/fflt.s                          0x00000000   Number         0  fflt_clz.o ABSOLUTE
    ../fplib/fleqf.s                         0x00000000   Number         0  fleqf.o ABSOLUTE
    ../fplib/fnaninf.s                       0x00000000   Number         0  fnaninf.o ABSOLUTE
    ../fplib/fpinit.s                        0x00000000   Number         0  fpinit.o ABSOLUTE
    ../fplib/fretinf.s                       0x00000000   Number         0  fretinf.o ABSOLUTE
    ../fplib/frleqf.s                        0x00000000   Number         0  frleqf.o ABSOLUTE
    ../fplib/istatus.s                       0x00000000   Number         0  istatus.o ABSOLUTE
    ../fplib/printf1.s                       0x00000000   Number         0  printf1.o ABSOLUTE
    ../fplib/usenofp.s                       0x00000000   Number         0  usenofp.o ABSOLUTE
    ../mathlib/fpclassify.c                  0x00000000   Number         0  fpclassify.o ABSOLUTE
    ..\CORE\core_cm3.c                       0x00000000   Number         0  core_cm3.o ABSOLUTE
    ..\CORE\startup_stm32f10x_hd.s           0x00000000   Number         0  startup_stm32f10x_hd.o ABSOLUTE
    ..\HARDWARE\LCD\lcd.c                    0x00000000   Number         0  lcd.o ABSOLUTE
    ..\HARDWARE\LED\led.c                    0x00000000   Number         0  led.o ABSOLUTE
    ..\HARDWARE\SPI\spi.c                    0x00000000   Number         0  spi.o ABSOLUTE
    ..\HARDWARE\adc.c                        0x00000000   Number         0  adc.o ABSOLUTE
    ..\HARDWARE\gp2y1010au.c                 0x00000000   Number         0  gp2y1010au.o ABSOLUTE
    ..\STM32F10x_FWLib\src\misc.c            0x00000000   Number         0  misc.o ABSOLUTE
    ..\STM32F10x_FWLib\src\stm32f10x_adc.c   0x00000000   Number         0  stm32f10x_adc.o ABSOLUTE
    ..\STM32F10x_FWLib\src\stm32f10x_fsmc.c  0x00000000   Number         0  stm32f10x_fsmc.o ABSOLUTE
    ..\STM32F10x_FWLib\src\stm32f10x_gpio.c  0x00000000   Number         0  stm32f10x_gpio.o ABSOLUTE
    ..\STM32F10x_FWLib\src\stm32f10x_rcc.c   0x00000000   Number         0  stm32f10x_rcc.o ABSOLUTE
    ..\STM32F10x_FWLib\src\stm32f10x_spi.c   0x00000000   Number         0  stm32f10x_spi.o ABSOLUTE
    ..\STM32F10x_FWLib\src\stm32f10x_usart.c 0x00000000   Number         0  stm32f10x_usart.o ABSOLUTE
    ..\SYSTEM\delay\delay.c                  0x00000000   Number         0  delay.o ABSOLUTE
    ..\SYSTEM\sys\sys.c                      0x00000000   Number         0  sys.o ABSOLUTE
    ..\SYSTEM\usart\usart.c                  0x00000000   Number         0  usart.o ABSOLUTE
    ..\\CORE\\core_cm3.c                     0x00000000   Number         0  core_cm3.o ABSOLUTE
    dc.s                                     0x00000000   Number         0  dc.o ABSOLUTE
    main.c                                   0x00000000   Number         0  main.o ABSOLUTE
    stm32f10x_it.c                           0x00000000   Number         0  stm32f10x_it.o ABSOLUTE
    system_stm32f10x.c                       0x00000000   Number         0  system_stm32f10x.o ABSOLUTE
    RESET                                    0x08000000   Section      304  startup_stm32f10x_hd.o(RESET)
    !!!main                                  0x08000130   Section        8  __main.o(!!!main)
    !!!scatter                               0x08000138   Section       52  __scatter.o(!!!scatter)
    !!handler_copy                           0x0800016c   Section       26  __scatter_copy.o(!!handler_copy)
    !!handler_zi                             0x08000188   Section       28  __scatter_zi.o(!!handler_zi)
    .ARM.Collect$$_printf_percent$$00000000  0x080001a4   Section        0  _printf_percent.o(.ARM.Collect$$_printf_percent$$00000000)
    .ARM.Collect$$_printf_percent$$00000003  0x080001a4   Section        6  _printf_f.o(.ARM.Collect$$_printf_percent$$00000003)
    .ARM.Collect$$_printf_percent$$00000017  0x080001aa   Section        4  _printf_percent_end.o(.ARM.Collect$$_printf_percent$$00000017)
    .ARM.Collect$$libinit$$00000000          0x080001ae   Section        2  libinit.o(.ARM.Collect$$libinit$$00000000)
    .ARM.Collect$$libinit$$00000002          0x080001b0   Section        0  libinit2.o(.ARM.Collect$$libinit$$00000002)
    .ARM.Collect$$libinit$$00000008          0x080001b0   Section        0  libinit2.o(.ARM.Collect$$libinit$$00000008)
    .ARM.Collect$$libinit$$0000000A          0x080001b0   Section        0  libinit2.o(.ARM.Collect$$libinit$$0000000A)
    .ARM.Collect$$libinit$$0000000C          0x080001b0   Section        0  libinit2.o(.ARM.Collect$$libinit$$0000000C)
    .ARM.Collect$$libinit$$0000000D          0x080001b0   Section        6  libinit2.o(.ARM.Collect$$libinit$$0000000D)
    .ARM.Collect$$libinit$$0000000F          0x080001b6   Section        0  libinit2.o(.ARM.Collect$$libinit$$0000000F)
    .ARM.Collect$$libinit$$00000011          0x080001b6   Section        0  libinit2.o(.ARM.Collect$$libinit$$00000011)
    .ARM.Collect$$libinit$$00000013          0x080001b6   Section        0  libinit2.o(.ARM.Collect$$libinit$$00000013)
    .ARM.Collect$$libinit$$00000014          0x080001b6   Section       10  libinit2.o(.ARM.Collect$$libinit$$00000014)
    .ARM.Collect$$libinit$$00000015          0x080001c0   Section        0  libinit2.o(.ARM.Collect$$libinit$$00000015)
    .ARM.Collect$$libinit$$00000017          0x080001c0   Section        0  libinit2.o(.ARM.Collect$$libinit$$00000017)
    .ARM.Collect$$libinit$$00000019          0x080001c0   Section        0  libinit2.o(.ARM.Collect$$libinit$$00000019)
    .ARM.Collect$$libinit$$0000001B          0x080001c0   Section        0  libinit2.o(.ARM.Collect$$libinit$$0000001B)
    .ARM.Collect$$libinit$$0000001D          0x080001c0   Section        0  libinit2.o(.ARM.Collect$$libinit$$0000001D)
    .ARM.Collect$$libinit$$0000001F          0x080001c0   Section        0  libinit2.o(.ARM.Collect$$libinit$$0000001F)
    .ARM.Collect$$libinit$$00000021          0x080001c0   Section        0  libinit2.o(.ARM.Collect$$libinit$$00000021)
    .ARM.Collect$$libinit$$00000023          0x080001c0   Section        0  libinit2.o(.ARM.Collect$$libinit$$00000023)
    .ARM.Collect$$libinit$$0000002A          0x080001c0   Section        0  libinit2.o(.ARM.Collect$$libinit$$0000002A)
    .ARM.Collect$$libinit$$0000002C          0x080001c0   Section        0  libinit2.o(.ARM.Collect$$libinit$$0000002C)
    .ARM.Collect$$libinit$$0000002E          0x080001c0   Section        0  libinit2.o(.ARM.Collect$$libinit$$0000002E)
    .ARM.Collect$$libinit$$00000030          0x080001c0   Section        0  libinit2.o(.ARM.Collect$$libinit$$00000030)
    .ARM.Collect$$libinit$$00000031          0x080001c0   Section        2  libinit2.o(.ARM.Collect$$libinit$$00000031)
    .ARM.Collect$$libshutdown$$00000000      0x080001c2   Section        2  libshutdown.o(.ARM.Collect$$libshutdown$$00000000)
    .ARM.Collect$$libshutdown$$00000003      0x080001c4   Section        0  libshutdown2.o(.ARM.Collect$$libshutdown$$00000003)
    .ARM.Collect$$libshutdown$$00000006      0x080001c4   Section        0  libshutdown2.o(.ARM.Collect$$libshutdown$$00000006)
    .ARM.Collect$$libshutdown$$00000009      0x080001c4   Section        0  libshutdown2.o(.ARM.Collect$$libshutdown$$00000009)
    .ARM.Collect$$libshutdown$$0000000B      0x080001c4   Section        0  libshutdown2.o(.ARM.Collect$$libshutdown$$0000000B)
    .ARM.Collect$$libshutdown$$0000000E      0x080001c4   Section        0  libshutdown2.o(.ARM.Collect$$libshutdown$$0000000E)
    .ARM.Collect$$libshutdown$$0000000F      0x080001c4   Section        2  libshutdown2.o(.ARM.Collect$$libshutdown$$0000000F)
    .ARM.Collect$$rtentry$$00000000          0x080001c6   Section        0  rtentry.o(.ARM.Collect$$rtentry$$00000000)
    .ARM.Collect$$rtentry$$00000002          0x080001c6   Section        0  rtentry2.o(.ARM.Collect$$rtentry$$00000002)
    .ARM.Collect$$rtentry$$00000004          0x080001c6   Section        6  rtentry4.o(.ARM.Collect$$rtentry$$00000004)
    .ARM.Collect$$rtentry$$00000009          0x080001cc   Section        0  rtentry2.o(.ARM.Collect$$rtentry$$00000009)
    .ARM.Collect$$rtentry$$0000000A          0x080001cc   Section        4  rtentry2.o(.ARM.Collect$$rtentry$$0000000A)
    .ARM.Collect$$rtentry$$0000000C          0x080001d0   Section        0  rtentry2.o(.ARM.Collect$$rtentry$$0000000C)
    .ARM.Collect$$rtentry$$0000000D          0x080001d0   Section        8  rtentry2.o(.ARM.Collect$$rtentry$$0000000D)
    .ARM.Collect$$rtexit$$00000000           0x080001d8   Section        2  rtexit.o(.ARM.Collect$$rtexit$$00000000)
    .ARM.Collect$$rtexit$$00000002           0x080001da   Section        0  rtexit2.o(.ARM.Collect$$rtexit$$00000002)
    .ARM.Collect$$rtexit$$00000003           0x080001da   Section        4  rtexit2.o(.ARM.Collect$$rtexit$$00000003)
    .ARM.Collect$$rtexit$$00000004           0x080001de   Section        6  rtexit2.o(.ARM.Collect$$rtexit$$00000004)
    .text                                    0x080001e4   Section        0  main.o(.text)
    .text                                    0x080005f8   Section        0  stm32f10x_it.o(.text)
    .text                                    0x08000614   Section        0  system_stm32f10x.o(.text)
    SetSysClockTo72                          0x08000615   Thumb Code   214  system_stm32f10x.o(.text)
    SetSysClock                              0x080006eb   Thumb Code     8  system_stm32f10x.o(.text)
    .text                                    0x080007f4   Section        0  spi.o(.text)
    .text                                    0x08000a50   Section        0  led.o(.text)
    .text                                    0x08000aa0   Section        0  lcd.o(.text)
    .text                                    0x08001654   Section        0  gp2y1010au.o(.text)
    _GP2Y_HardInit                           0x08001655   Thumb Code   174  gp2y1010au.o(.text)
    _GP2Y_Wait                               0x08001703   Thumb Code    12  gp2y1010au.o(.text)
    _filter                                  0x0800170f   Thumb Code   148  gp2y1010au.o(.text)
    _GP2Y_GetADCValue                        0x080017a3   Thumb Code    70  gp2y1010au.o(.text)
    _GP2Y_ADCValue2Voltage                   0x080017e9   Thumb Code    44  gp2y1010au.o(.text)
    _GP2Y_DataProcess                        0x08001815   Thumb Code    56  gp2y1010au.o(.text)
    .text                                    0x0800189c   Section        0  delay.o(.text)
    .text                                    0x08001970   Section        0  sys.o(.text)
    .text                                    0x080019e4   Section        0  usart.o(.text)
    .text                                    0x08001c54   Section       64  startup_stm32f10x_hd.o(.text)
    .text                                    0x08001c94   Section        0  stm32f10x_gpio.o(.text)
    .text                                    0x08001ff0   Section        0  stm32f10x_rcc.o(.text)
    .text                                    0x08002394   Section        0  stm32f10x_spi.o(.text)
    .text                                    0x080026a0   Section        0  stm32f10x_usart.o(.text)
    .text                                    0x08002aa8   Section        0  misc.o(.text)
    .text                                    0x08002b84   Section        0  stm32f10x_adc.o(.text)
    .text                                    0x08002fd2   Section        2  use_no_semi_2.o(.text)
    .text                                    0x08002fd4   Section        0  noretval__2printf.o(.text)
    .text                                    0x08002fec   Section        0  _printf_pad.o(.text)
    .text                                    0x0800303a   Section        0  __printf_wp.o(.text)
    .text                                    0x08003148   Section        0  heapauxi.o(.text)
    .text                                    0x0800314e   Section        2  use_no_semi.o(.text)
    .text                                    0x08003150   Section        0  _printf_fp_dec.o(.text)
    _fp_digits                               0x08003153   Thumb Code   428  _printf_fp_dec.o(.text)
    .text                                    0x08003568   Section        0  _printf_char_file.o(.text)
    .text                                    0x0800358c   Section        8  rt_locale_intlibspace.o(.text)
    .text                                    0x08003594   Section      138  lludiv10.o(.text)
    .text                                    0x08003620   Section        0  _printf_char_common.o(.text)
    _printf_input_char                       0x08003621   Thumb Code    10  _printf_char_common.o(.text)
    .text                                    0x08003650   Section        0  _printf_fp_infnan.o(.text)
    .text                                    0x080036d0   Section        0  bigflt0.o(.text)
    .text                                    0x080037a8   Section        0  ferror.o(.text)
    .text                                    0x080037b0   Section        8  libspace.o(.text)
    .text                                    0x080037b8   Section       74  sys_stackheap_outer.o(.text)
    .text                                    0x08003802   Section        0  exit.o(.text)
    .text                                    0x08003810   Section      128  strcmpv7m.o(.text)
    CL$$btod_d2e                             0x08003890   Section       62  btod.o(CL$$btod_d2e)
    CL$$btod_d2e_denorm_low                  0x080038ce   Section       70  btod.o(CL$$btod_d2e_denorm_low)
    CL$$btod_d2e_norm_op1                    0x08003914   Section       96  btod.o(CL$$btod_d2e_norm_op1)
    CL$$btod_div_common                      0x08003974   Section      824  btod.o(CL$$btod_div_common)
    CL$$btod_e2e                             0x08003cac   Section      198  btod.o(CL$$btod_e2e)
    CL$$btod_ediv                            0x08003d72   Section       40  btod.o(CL$$btod_ediv)
    CL$$btod_emul                            0x08003d9a   Section       40  btod.o(CL$$btod_emul)
    CL$$btod_mult_common                     0x08003dc2   Section      580  btod.o(CL$$btod_mult_common)
    i.__ARM_fpclassify                       0x08004006   Section        0  fpclassify.o(i.__ARM_fpclassify)
    i._is_digit                              0x0800402e   Section        0  __printf_wp.o(i._is_digit)
    locale$$code                             0x0800403c   Section       44  lc_numeric_c.o(locale$$code)
    x$fpl$d2f                                0x08004068   Section       98  d2f.o(x$fpl$d2f)
    x$fpl$ddiv                               0x080040cc   Section      688  ddiv.o(x$fpl$ddiv)
    ddiv_entry                               0x080040d3   Thumb Code     0  ddiv.o(x$fpl$ddiv)
    x$fpl$dfix                               0x0800437c   Section       94  dfix.o(x$fpl$dfix)
    x$fpl$dflt                               0x080043da   Section       46  dflt_clz.o(x$fpl$dflt)
    x$fpl$dfltu                              0x08004408   Section       38  dflt_clz.o(x$fpl$dfltu)
    x$fpl$dmul                               0x08004430   Section      340  dmul.o(x$fpl$dmul)
    x$fpl$dnaninf                            0x08004584   Section      156  dnaninf.o(x$fpl$dnaninf)
    x$fpl$dretinf                            0x08004620   Section       12  dretinf.o(x$fpl$dretinf)
    x$fpl$f2d                                0x0800462c   Section       86  f2d.o(x$fpl$f2d)
    x$fpl$fadd                               0x08004684   Section      196  faddsub_clz.o(x$fpl$fadd)
    _fadd1                                   0x08004693   Thumb Code     0  faddsub_clz.o(x$fpl$fadd)
    x$fpl$fcmpinf                            0x08004748   Section       24  fcmpi.o(x$fpl$fcmpinf)
    x$fpl$ffixu                              0x08004760   Section       62  ffixu.o(x$fpl$ffixu)
    x$fpl$ffltu                              0x080047a0   Section       38  fflt_clz.o(x$fpl$ffltu)
    x$fpl$fleqf                              0x080047c8   Section      104  fleqf.o(x$fpl$fleqf)
    x$fpl$fnaninf                            0x08004830   Section      140  fnaninf.o(x$fpl$fnaninf)
    x$fpl$fretinf                            0x080048bc   Section       10  fretinf.o(x$fpl$fretinf)
    x$fpl$frleqf                             0x080048c6   Section       98  frleqf.o(x$fpl$frleqf)
    x$fpl$fsub                               0x08004928   Section      234  faddsub_clz.o(x$fpl$fsub)
    _fsub1                                   0x08004937   Thumb Code     0  faddsub_clz.o(x$fpl$fsub)
    x$fpl$printf1                            0x08004a12   Section        4  printf1.o(x$fpl$printf1)
    .constdata                               0x08004a16   Section     6436  lcd.o(.constdata)
    x$fpl$usenofp                            0x08004a16   Section        0  usenofp.o(x$fpl$usenofp)
    .constdata                               0x0800633c   Section      148  bigflt0.o(.constdata)
    tenpwrs_x                                0x0800633c   Data          60  bigflt0.o(.constdata)
    tenpwrs_i                                0x08006378   Data          64  bigflt0.o(.constdata)
    locale$$data                             0x080063f0   Section       28  lc_numeric_c.o(locale$$data)
    __lcnum_c_name                           0x080063f4   Data           2  lc_numeric_c.o(locale$$data)
    __lcnum_c_start                          0x080063fc   Data           0  lc_numeric_c.o(locale$$data)
    __lcnum_c_point                          0x08006408   Data           0  lc_numeric_c.o(locale$$data)
    __lcnum_c_thousands                      0x0800640a   Data           0  lc_numeric_c.o(locale$$data)
    __lcnum_c_grouping                       0x0800640b   Data           0  lc_numeric_c.o(locale$$data)
    __lcnum_c_end                            0x0800640c   Data           0  lc_numeric_c.o(locale$$data)
    .data                                    0x20000000   Section       10  main.o(.data)
    .data                                    0x2000000c   Section       20  system_stm32f10x.o(.data)
    .data                                    0x20000020   Section        5  lcd.o(.data)
    .data                                    0x20000028   Section        8  gp2y1010au.o(.data)
    flag_first                               0x20000028   Data           4  gp2y1010au.o(.data)
    sum                                      0x2000002c   Data           4  gp2y1010au.o(.data)
    .data                                    0x20000030   Section        4  delay.o(.data)
    fac_us                                   0x20000030   Data           1  delay.o(.data)
    fac_ms                                   0x20000032   Data           2  delay.o(.data)
    .data                                    0x20000034   Section        8  usart.o(.data)
    .data                                    0x2000003c   Section       20  stm32f10x_rcc.o(.data)
    APBAHBPrescTable                         0x2000003c   Data          16  stm32f10x_rcc.o(.data)
    ADCPrescTable                            0x2000004c   Data           4  stm32f10x_rcc.o(.data)
    .bss                                     0x20000050   Section       10  lcd.o(.bss)
    .bss                                     0x2000005c   Section       40  gp2y1010au.o(.bss)
    _buff                                    0x2000005c   Data          40  gp2y1010au.o(.bss)
    .bss                                     0x20000084   Section      400  usart.o(.bss)
    .bss                                     0x20000214   Section       96  libspace.o(.bss)
    HEAP                                     0x20000278   Section      512  startup_stm32f10x_hd.o(HEAP)
    Heap_Mem                                 0x20000278   Data         512  startup_stm32f10x_hd.o(HEAP)
    STACK                                    0x20000478   Section     1024  startup_stm32f10x_hd.o(STACK)
    Stack_Mem                                0x20000478   Data        1024  startup_stm32f10x_hd.o(STACK)
    __initial_sp                             0x20000878   Data           0  startup_stm32f10x_hd.o(STACK)

    Global Symbols

    Symbol Name                              Value     Ov Type        Size  Object(Section)

    BuildAttributes$$THM_ISAv4$P$D$K$B$S$PE$A:L22UL41UL21$X:L11$S22US41US21$IEEE1$IW$USESV6$~STKCKD$USESV7$~SHL$OTIME$ROPI$IEEEJ$EBA8$UX$STANDARDLIB$REQ8$PRES8$EABIv2 0x00000000   Number         0  anon$$obj.o ABSOLUTE
    __ARM_use_no_argv                        0x00000000   Number         0  main.o ABSOLUTE
    _printf_flags                            0x00000000   Number         0  printf_stubs.o ABSOLUTE
    _printf_return_value                     0x00000000   Number         0  printf_stubs.o ABSOLUTE
    _printf_sizespec                         0x00000000   Number         0  printf_stubs.o ABSOLUTE
    _printf_widthprec                        0x00000000   Number         0  printf_stubs.o ABSOLUTE
    __ARM_exceptions_init                     - Undefined Weak Reference
    __alloca_initialize                       - Undefined Weak Reference
    __cpp_initialize__aeabi_                  - Undefined Weak Reference
    __cxa_finalize                            - Undefined Weak Reference
    __sigvec_lookup                           - Undefined Weak Reference
    _atexit_init                              - Undefined Weak Reference
    _call_atexit_fns                          - Undefined Weak Reference
    _clock_init                               - Undefined Weak Reference
    _fp_trap_init                             - Undefined Weak Reference
    _fp_trap_shutdown                         - Undefined Weak Reference
    _get_lc_collate                           - Undefined Weak Reference
    _get_lc_ctype                             - Undefined Weak Reference
    _get_lc_monetary                          - Undefined Weak Reference
    _get_lc_time                              - Undefined Weak Reference
    _getenv_init                              - Undefined Weak Reference
    _handle_redirection                       - Undefined Weak Reference
    _init_alloc                               - Undefined Weak Reference
    _init_user_alloc                          - Undefined Weak Reference
    _initio                                   - Undefined Weak Reference
    _mutex_acquire                            - Undefined Weak Reference
    _mutex_release                            - Undefined Weak Reference
    _rand_init                                - Undefined Weak Reference
    _signal_finish                            - Undefined Weak Reference
    _signal_init                              - Undefined Weak Reference
    _terminate_alloc                          - Undefined Weak Reference
    _terminate_user_alloc                     - Undefined Weak Reference
    _terminateio                              - Undefined Weak Reference
    __Vectors_Size                           0x00000130   Number         0  startup_stm32f10x_hd.o ABSOLUTE
    __Vectors                                0x08000000   Data           4  startup_stm32f10x_hd.o(RESET)
    __Vectors_End                            0x08000130   Data           0  startup_stm32f10x_hd.o(RESET)
    __main                                   0x08000131   Thumb Code     8  __main.o(!!!main)
    __scatterload                            0x08000139   Thumb Code     0  __scatter.o(!!!scatter)
    __scatterload_rt2                        0x08000139   Thumb Code    44  __scatter.o(!!!scatter)
    __scatterload_rt2_thumb_only             0x08000139   Thumb Code     0  __scatter.o(!!!scatter)
    __scatterload_null                       0x08000147   Thumb Code     0  __scatter.o(!!!scatter)
    __scatterload_copy                       0x0800016d   Thumb Code    26  __scatter_copy.o(!!handler_copy)
    __scatterload_zeroinit                   0x08000189   Thumb Code    28  __scatter_zi.o(!!handler_zi)
    _printf_f                                0x080001a5   Thumb Code     0  _printf_f.o(.ARM.Collect$$_printf_percent$$00000003)
    _printf_percent                          0x080001a5   Thumb Code     0  _printf_percent.o(.ARM.Collect$$_printf_percent$$00000000)
    _printf_percent_end                      0x080001ab   Thumb Code     0  _printf_percent_end.o(.ARM.Collect$$_printf_percent$$00000017)
    __rt_lib_init                            0x080001af   Thumb Code     0  libinit.o(.ARM.Collect$$libinit$$00000000)
    __rt_lib_init_fp_1                       0x080001b1   Thumb Code     0  libinit2.o(.ARM.Collect$$libinit$$00000002)
    __rt_lib_init_heap_1                     0x080001b1   Thumb Code     0  libinit2.o(.ARM.Collect$$libinit$$00000008)
    __rt_lib_init_lc_common                  0x080001b1   Thumb Code     0  libinit2.o(.ARM.Collect$$libinit$$0000000D)
    __rt_lib_init_rand_1                     0x080001b1   Thumb Code     0  libinit2.o(.ARM.Collect$$libinit$$0000000C)
    __rt_lib_init_user_alloc_1               0x080001b1   Thumb Code     0  libinit2.o(.ARM.Collect$$libinit$$0000000A)
    __rt_lib_init_lc_collate_1               0x080001b7   Thumb Code     0  libinit2.o(.ARM.Collect$$libinit$$0000000F)
    __rt_lib_init_lc_ctype_1                 0x080001b7   Thumb Code     0  libinit2.o(.ARM.Collect$$libinit$$00000011)
    __rt_lib_init_lc_monetary_1              0x080001b7   Thumb Code     0  libinit2.o(.ARM.Collect$$libinit$$00000013)
    __rt_lib_init_lc_numeric_2               0x080001b7   Thumb Code     0  libinit2.o(.ARM.Collect$$libinit$$00000014)
    __rt_lib_init_alloca_1                   0x080001c1   Thumb Code     0  libinit2.o(.ARM.Collect$$libinit$$0000002C)
    __rt_lib_init_argv_1                     0x080001c1   Thumb Code     0  libinit2.o(.ARM.Collect$$libinit$$0000002A)
    __rt_lib_init_atexit_1                   0x080001c1   Thumb Code     0  libinit2.o(.ARM.Collect$$libinit$$00000019)
    __rt_lib_init_clock_1                    0x080001c1   Thumb Code     0  libinit2.o(.ARM.Collect$$libinit$$0000001F)
    __rt_lib_init_cpp_1                      0x080001c1   Thumb Code     0  libinit2.o(.ARM.Collect$$libinit$$00000030)
    __rt_lib_init_exceptions_1               0x080001c1   Thumb Code     0  libinit2.o(.ARM.Collect$$libinit$$0000002E)
    __rt_lib_init_fp_trap_1                  0x080001c1   Thumb Code     0  libinit2.o(.ARM.Collect$$libinit$$0000001D)
    __rt_lib_init_getenv_1                   0x080001c1   Thumb Code     0  libinit2.o(.ARM.Collect$$libinit$$00000021)
    __rt_lib_init_lc_numeric_1               0x080001c1   Thumb Code     0  libinit2.o(.ARM.Collect$$libinit$$00000015)
    __rt_lib_init_lc_time_1                  0x080001c1   Thumb Code     0  libinit2.o(.ARM.Collect$$libinit$$00000017)
    __rt_lib_init_return                     0x080001c1   Thumb Code     0  libinit2.o(.ARM.Collect$$libinit$$00000031)
    __rt_lib_init_signal_1                   0x080001c1   Thumb Code     0  libinit2.o(.ARM.Collect$$libinit$$0000001B)
    __rt_lib_init_stdio_1                    0x080001c1   Thumb Code     0  libinit2.o(.ARM.Collect$$libinit$$00000023)
    __rt_lib_shutdown                        0x080001c3   Thumb Code     0  libshutdown.o(.ARM.Collect$$libshutdown$$00000000)
    __rt_lib_shutdown_fp_trap_1              0x080001c5   Thumb Code     0  libshutdown2.o(.ARM.Collect$$libshutdown$$00000006)
    __rt_lib_shutdown_heap_1                 0x080001c5   Thumb Code     0  libshutdown2.o(.ARM.Collect$$libshutdown$$0000000E)
    __rt_lib_shutdown_return                 0x080001c5   Thumb Code     0  libshutdown2.o(.ARM.Collect$$libshutdown$$0000000F)
    __rt_lib_shutdown_signal_1               0x080001c5   Thumb Code     0  libshutdown2.o(.ARM.Collect$$libshutdown$$00000009)
    __rt_lib_shutdown_stdio_1                0x080001c5   Thumb Code     0  libshutdown2.o(.ARM.Collect$$libshutdown$$00000003)
    __rt_lib_shutdown_user_alloc_1           0x080001c5   Thumb Code     0  libshutdown2.o(.ARM.Collect$$libshutdown$$0000000B)
    __rt_entry                               0x080001c7   Thumb Code     0  rtentry.o(.ARM.Collect$$rtentry$$00000000)
    __rt_entry_presh_1                       0x080001c7   Thumb Code     0  rtentry2.o(.ARM.Collect$$rtentry$$00000002)
    __rt_entry_sh                            0x080001c7   Thumb Code     0  rtentry4.o(.ARM.Collect$$rtentry$$00000004)
    __rt_entry_li                            0x080001cd   Thumb Code     0  rtentry2.o(.ARM.Collect$$rtentry$$0000000A)
    __rt_entry_postsh_1                      0x080001cd   Thumb Code     0  rtentry2.o(.ARM.Collect$$rtentry$$00000009)
    __rt_entry_main                          0x080001d1   Thumb Code     0  rtentry2.o(.ARM.Collect$$rtentry$$0000000D)
    __rt_entry_postli_1                      0x080001d1   Thumb Code     0  rtentry2.o(.ARM.Collect$$rtentry$$0000000C)
    __rt_exit                                0x080001d9   Thumb Code     0  rtexit.o(.ARM.Collect$$rtexit$$00000000)
    __rt_exit_ls                             0x080001db   Thumb Code     0  rtexit2.o(.ARM.Collect$$rtexit$$00000003)
    __rt_exit_prels_1                        0x080001db   Thumb Code     0  rtexit2.o(.ARM.Collect$$rtexit$$00000002)
    __rt_exit_exit                           0x080001df   Thumb Code     0  rtexit2.o(.ARM.Collect$$rtexit$$00000004)
    HCHO_DataGet                             0x080001e5   Thumb Code   204  main.o(.text)
    main                                     0x080002b1   Thumb Code   562  main.o(.text)
    NMI_Handler                              0x080005f9   Thumb Code     2  stm32f10x_it.o(.text)
    HardFault_Handler                        0x080005fb   Thumb Code     4  stm32f10x_it.o(.text)
    MemManage_Handler                        0x080005ff   Thumb Code     4  stm32f10x_it.o(.text)
    BusFault_Handler                         0x08000603   Thumb Code     4  stm32f10x_it.o(.text)
    UsageFault_Handler                       0x08000607   Thumb Code     4  stm32f10x_it.o(.text)
    SVC_Handler                              0x0800060b   Thumb Code     2  stm32f10x_it.o(.text)
    DebugMon_Handler                         0x0800060d   Thumb Code     2  stm32f10x_it.o(.text)
    PendSV_Handler                           0x0800060f   Thumb Code     2  stm32f10x_it.o(.text)
    SysTick_Handler                          0x08000611   Thumb Code     2  stm32f10x_it.o(.text)
    SystemInit                               0x080006f3   Thumb Code    78  system_stm32f10x.o(.text)
    SystemCoreClockUpdate                    0x08000741   Thumb Code   142  system_stm32f10x.o(.text)
    SPI1_Init                                0x080007f5   Thumb Code   222  spi.o(.text)
    SPI2_Init                                0x080008d3   Thumb Code   166  spi.o(.text)
    SPI2_SetSpeed                            0x08000979   Thumb Code    36  spi.o(.text)
    SPI2_ReadWriteByte                       0x0800099d   Thumb Code    78  spi.o(.text)
    SPI_WriteByte                            0x080009eb   Thumb Code    34  spi.o(.text)
    SPIWriteByte                             0x08000a0d   Thumb Code    50  spi.o(.text)
    LED_Init                                 0x08000a51   Thumb Code    72  led.o(.text)
    LCD_WR_REG                               0x08000aa1   Thumb Code    38  lcd.o(.text)
    LCD_WR_DATA                              0x08000ac7   Thumb Code    46  lcd.o(.text)
    LCD_WR_DATA8                             0x08000af5   Thumb Code    38  lcd.o(.text)
    LCD_WR_REG_DATA                          0x08000b1b   Thumb Code    20  lcd.o(.text)
    LCD_WriteRAM_Prepare                     0x08000b2f   Thumb Code    12  lcd.o(.text)
    opt_delay                                0x08000b3b   Thumb Code    14  lcd.o(.text)
    LCD_DisplayOn                            0x08000b49   Thumb Code     2  lcd.o(.text)
    LCD_DisplayOff                           0x08000b4b   Thumb Code     2  lcd.o(.text)
    LCD_SetCursor                            0x08000b4d   Thumb Code    48  lcd.o(.text)
    LCD_DrawPoint                            0x08000b7d   Thumb Code    28  lcd.o(.text)
    LCD_Clear                                0x08000b99   Thumb Code    44  lcd.o(.text)
    LCD_Init                                 0x08000bc5   Thumb Code   594  lcd.o(.text)
    LCD_Fill                                 0x08000e17   Thumb Code    80  lcd.o(.text)
    LCD_Color_Fill                           0x08000e67   Thumb Code   118  lcd.o(.text)
    LCD_DrawLine                             0x08000edd   Thumb Code   176  lcd.o(.text)
    LCD_DrawRectangle                        0x08000f8d   Thumb Code    64  lcd.o(.text)
    Draw_Circle                              0x08000fcd   Thumb Code   152  lcd.o(.text)
    showhanzi16                              0x08001065   Thumb Code   112  lcd.o(.text)
    showhanzi32                              0x080010d5   Thumb Code   112  lcd.o(.text)
    LCD_ShowChar                             0x08001145   Thumb Code   380  lcd.o(.text)
    LCD_Pow                                  0x080012c1   Thumb Code    22  lcd.o(.text)
    LCD_ShowNum                              0x080012d7   Thumb Code   148  lcd.o(.text)
    LCD_ShowxNum                             0x0800136b   Thumb Code   190  lcd.o(.text)
    LCD_ShowString                           0x08001429   Thumb Code   102  lcd.o(.text)
    showimage                                0x0800148f   Thumb Code    96  lcd.o(.text)
    Load_Drow_Dialog                         0x080014ef   Thumb Code    52  lcd.o(.text)
    xianshi                                  0x08001523   Thumb Code   130  lcd.o(.text)
    showqq                                   0x080015a5   Thumb Code    54  lcd.o(.text)
    refshow                                  0x080015db   Thumb Code    78  lcd.o(.text)
    GP2Y_Init                                0x0800184d   Thumb Code     8  gp2y1010au.o(.text)
    GP2Y_GetDensity                          0x08001855   Thumb Code    26  gp2y1010au.o(.text)
    delay_init                               0x0800189d   Thumb Code    50  delay.o(.text)
    delay_us                                 0x080018cf   Thumb Code    72  delay.o(.text)
    delay_ms                                 0x08001917   Thumb Code    72  delay.o(.text)
    NVIC_Configuration                       0x08001971   Thumb Code    12  sys.o(.text)
    inttohex                                 0x0800197d   Thumb Code   104  sys.o(.text)
    _sys_exit                                0x080019e5   Thumb Code     6  usart.o(.text)
    fputc                                    0x080019eb   Thumb Code    24  usart.o(.text)
    uart_init                                0x08001a03   Thumb Code   158  usart.o(.text)
    uart_init2                               0x08001aa1   Thumb Code   162  usart.o(.text)
    USART2_IRQHandler                        0x08001b43   Thumb Code   122  usart.o(.text)
    USART1_IRQHandler                        0x08001bbd   Thumb Code   122  usart.o(.text)
    Reset_Handler                            0x08001c55   Thumb Code     8  startup_stm32f10x_hd.o(.text)
    ADC1_2_IRQHandler                        0x08001c6f   Thumb Code     0  startup_stm32f10x_hd.o(.text)
    ADC3_IRQHandler                          0x08001c6f   Thumb Code     0  startup_stm32f10x_hd.o(.text)
    CAN1_RX1_IRQHandler                      0x08001c6f   Thumb Code     0  startup_stm32f10x_hd.o(.text)
    CAN1_SCE_IRQHandler                      0x08001c6f   Thumb Code     0  startup_stm32f10x_hd.o(.text)
    DMA1_Channel1_IRQHandler                 0x08001c6f   Thumb Code     0  startup_stm32f10x_hd.o(.text)
    DMA1_Channel2_IRQHandler                 0x08001c6f   Thumb Code     0  startup_stm32f10x_hd.o(.text)
    DMA1_Channel3_IRQHandler                 0x08001c6f   Thumb Code     0  startup_stm32f10x_hd.o(.text)
    DMA1_Channel4_IRQHandler                 0x08001c6f   Thumb Code     0  startup_stm32f10x_hd.o(.text)
    DMA1_Channel5_IRQHandler                 0x08001c6f   Thumb Code     0  startup_stm32f10x_hd.o(.text)
    DMA1_Channel6_IRQHandler                 0x08001c6f   Thumb Code     0  startup_stm32f10x_hd.o(.text)
    DMA1_Channel7_IRQHandler                 0x08001c6f   Thumb Code     0  startup_stm32f10x_hd.o(.text)
    DMA2_Channel1_IRQHandler                 0x08001c6f   Thumb Code     0  startup_stm32f10x_hd.o(.text)
    DMA2_Channel2_IRQHandler                 0x08001c6f   Thumb Code     0  startup_stm32f10x_hd.o(.text)
    DMA2_Channel3_IRQHandler                 0x08001c6f   Thumb Code     0  startup_stm32f10x_hd.o(.text)
    DMA2_Channel4_5_IRQHandler               0x08001c6f   Thumb Code     0  startup_stm32f10x_hd.o(.text)
    EXTI0_IRQHandler                         0x08001c6f   Thumb Code     0  startup_stm32f10x_hd.o(.text)
    EXTI15_10_IRQHandler                     0x08001c6f   Thumb Code     0  startup_stm32f10x_hd.o(.text)
    EXTI1_IRQHandler                         0x08001c6f   Thumb Code     0  startup_stm32f10x_hd.o(.text)
    EXTI2_IRQHandler                         0x08001c6f   Thumb Code     0  startup_stm32f10x_hd.o(.text)
    EXTI3_IRQHandler                         0x08001c6f   Thumb Code     0  startup_stm32f10x_hd.o(.text)
    EXTI4_IRQHandler                         0x08001c6f   Thumb Code     0  startup_stm32f10x_hd.o(.text)
    EXTI9_5_IRQHandler                       0x08001c6f   Thumb Code     0  startup_stm32f10x_hd.o(.text)
    FLASH_IRQHandler                         0x08001c6f   Thumb Code     0  startup_stm32f10x_hd.o(.text)
    FSMC_IRQHandler                          0x08001c6f   Thumb Code     0  startup_stm32f10x_hd.o(.text)
    I2C1_ER_IRQHandler                       0x08001c6f   Thumb Code     0  startup_stm32f10x_hd.o(.text)
    I2C1_EV_IRQHandler                       0x08001c6f   Thumb Code     0  startup_stm32f10x_hd.o(.text)
    I2C2_ER_IRQHandler                       0x08001c6f   Thumb Code     0  startup_stm32f10x_hd.o(.text)
    I2C2_EV_IRQHandler                       0x08001c6f   Thumb Code     0  startup_stm32f10x_hd.o(.text)
    PVD_IRQHandler                           0x08001c6f   Thumb Code     0  startup_stm32f10x_hd.o(.text)
    RCC_IRQHandler                           0x08001c6f   Thumb Code     0  startup_stm32f10x_hd.o(.text)
    RTCAlarm_IRQHandler                      0x08001c6f   Thumb Code     0  startup_stm32f10x_hd.o(.text)
    RTC_IRQHandler                           0x08001c6f   Thumb Code     0  startup_stm32f10x_hd.o(.text)
    SDIO_IRQHandler                          0x08001c6f   Thumb Code     0  startup_stm32f10x_hd.o(.text)
    SPI1_IRQHandler                          0x08001c6f   Thumb Code     0  startup_stm32f10x_hd.o(.text)
    SPI2_IRQHandler                          0x08001c6f   Thumb Code     0  startup_stm32f10x_hd.o(.text)
    SPI3_IRQHandler                          0x08001c6f   Thumb Code     0  startup_stm32f10x_hd.o(.text)
    TAMPER_IRQHandler                        0x08001c6f   Thumb Code     0  startup_stm32f10x_hd.o(.text)
    TIM1_BRK_IRQHandler                      0x08001c6f   Thumb Code     0  startup_stm32f10x_hd.o(.text)
    TIM1_CC_IRQHandler                       0x08001c6f   Thumb Code     0  startup_stm32f10x_hd.o(.text)
    TIM1_TRG_COM_IRQHandler                  0x08001c6f   Thumb Code     0  startup_stm32f10x_hd.o(.text)
    TIM1_UP_IRQHandler                       0x08001c6f   Thumb Code     0  startup_stm32f10x_hd.o(.text)
    TIM2_IRQHandler                          0x08001c6f   Thumb Code     0  startup_stm32f10x_hd.o(.text)
    TIM3_IRQHandler                          0x08001c6f   Thumb Code     0  startup_stm32f10x_hd.o(.text)
    TIM4_IRQHandler                          0x08001c6f   Thumb Code     0  startup_stm32f10x_hd.o(.text)
    TIM5_IRQHandler                          0x08001c6f   Thumb Code     0  startup_stm32f10x_hd.o(.text)
    TIM6_IRQHandler                          0x08001c6f   Thumb Code     0  startup_stm32f10x_hd.o(.text)
    TIM7_IRQHandler                          0x08001c6f   Thumb Code     0  startup_stm32f10x_hd.o(.text)
    TIM8_BRK_IRQHandler                      0x08001c6f   Thumb Code     0  startup_stm32f10x_hd.o(.text)
    TIM8_CC_IRQHandler                       0x08001c6f   Thumb Code     0  startup_stm32f10x_hd.o(.text)
    TIM8_TRG_COM_IRQHandler                  0x08001c6f   Thumb Code     0  startup_stm32f10x_hd.o(.text)
    TIM8_UP_IRQHandler                       0x08001c6f   Thumb Code     0  startup_stm32f10x_hd.o(.text)
    UART4_IRQHandler                         0x08001c6f   Thumb Code     0  startup_stm32f10x_hd.o(.text)
    UART5_IRQHandler                         0x08001c6f   Thumb Code     0  startup_stm32f10x_hd.o(.text)
    USART3_IRQHandler                        0x08001c6f   Thumb Code     0  startup_stm32f10x_hd.o(.text)
    USBWakeUp_IRQHandler                     0x08001c6f   Thumb Code     0  startup_stm32f10x_hd.o(.text)
    USB_HP_CAN1_TX_IRQHandler                0x08001c6f   Thumb Code     0  startup_stm32f10x_hd.o(.text)
    USB_LP_CAN1_RX0_IRQHandler               0x08001c6f   Thumb Code     0  startup_stm32f10x_hd.o(.text)
    WWDG_IRQHandler                          0x08001c6f   Thumb Code     0  startup_stm32f10x_hd.o(.text)
    __user_initial_stackheap                 0x08001c71   Thumb Code     0  startup_stm32f10x_hd.o(.text)
    GPIO_DeInit                              0x08001c95   Thumb Code   172  stm32f10x_gpio.o(.text)
    GPIO_AFIODeInit                          0x08001d41   Thumb Code    20  stm32f10x_gpio.o(.text)
    GPIO_Init                                0x08001d55   Thumb Code   278  stm32f10x_gpio.o(.text)
    GPIO_StructInit                          0x08001e6b   Thumb Code    16  stm32f10x_gpio.o(.text)
    GPIO_ReadInputDataBit                    0x08001e7b   Thumb Code    18  stm32f10x_gpio.o(.text)
    GPIO_ReadInputData                       0x08001e8d   Thumb Code     8  stm32f10x_gpio.o(.text)
    GPIO_ReadOutputDataBit                   0x08001e95   Thumb Code    18  stm32f10x_gpio.o(.text)
    GPIO_ReadOutputData                      0x08001ea7   Thumb Code     8  stm32f10x_gpio.o(.text)
    GPIO_SetBits                             0x08001eaf   Thumb Code     4  stm32f10x_gpio.o(.text)
    GPIO_ResetBits                           0x08001eb3   Thumb Code     4  stm32f10x_gpio.o(.text)
    GPIO_WriteBit                            0x08001eb7   Thumb Code    10  stm32f10x_gpio.o(.text)
    GPIO_Write                               0x08001ec1   Thumb Code     4  stm32f10x_gpio.o(.text)
    GPIO_PinLockConfig                       0x08001ec5   Thumb Code    18  stm32f10x_gpio.o(.text)
    GPIO_EventOutputConfig                   0x08001ed7   Thumb Code    26  stm32f10x_gpio.o(.text)
    GPIO_EventOutputCmd                      0x08001ef1   Thumb Code     6  stm32f10x_gpio.o(.text)
    GPIO_PinRemapConfig                      0x08001ef7   Thumb Code   138  stm32f10x_gpio.o(.text)
    GPIO_EXTILineConfig                      0x08001f81   Thumb Code    66  stm32f10x_gpio.o(.text)
    GPIO_ETH_MediaInterfaceConfig            0x08001fc3   Thumb Code     8  stm32f10x_gpio.o(.text)
    RCC_DeInit                               0x08001ff1   Thumb Code    64  stm32f10x_rcc.o(.text)
    RCC_HSEConfig                            0x08002031   Thumb Code    70  stm32f10x_rcc.o(.text)
    RCC_GetFlagStatus                        0x08002077   Thumb Code    56  stm32f10x_rcc.o(.text)
    RCC_WaitForHSEStartUp                    0x080020af   Thumb Code    56  stm32f10x_rcc.o(.text)
    RCC_AdjustHSICalibrationValue            0x080020e7   Thumb Code    20  stm32f10x_rcc.o(.text)
    RCC_HSICmd                               0x080020fb   Thumb Code     6  stm32f10x_rcc.o(.text)
    RCC_PLLConfig                            0x08002101   Thumb Code    24  stm32f10x_rcc.o(.text)
    RCC_PLLCmd                               0x08002119   Thumb Code     6  stm32f10x_rcc.o(.text)
    RCC_SYSCLKConfig                         0x0800211f   Thumb Code    18  stm32f10x_rcc.o(.text)
    RCC_GetSYSCLKSource                      0x08002131   Thumb Code    10  stm32f10x_rcc.o(.text)
    RCC_HCLKConfig                           0x0800213b   Thumb Code    18  stm32f10x_rcc.o(.text)
    RCC_PCLK1Config                          0x0800214d   Thumb Code    18  stm32f10x_rcc.o(.text)
    RCC_PCLK2Config                          0x0800215f   Thumb Code    20  stm32f10x_rcc.o(.text)
    RCC_ITConfig                             0x08002173   Thumb Code    26  stm32f10x_rcc.o(.text)
    RCC_USBCLKConfig                         0x0800218d   Thumb Code     8  stm32f10x_rcc.o(.text)
    RCC_ADCCLKConfig                         0x08002195   Thumb Code    18  stm32f10x_rcc.o(.text)
    RCC_LSEConfig                            0x080021a7   Thumb Code    50  stm32f10x_rcc.o(.text)
    RCC_LSICmd                               0x080021d9   Thumb Code     6  stm32f10x_rcc.o(.text)
    RCC_RTCCLKConfig                         0x080021df   Thumb Code    12  stm32f10x_rcc.o(.text)
    RCC_RTCCLKCmd                            0x080021eb   Thumb Code     8  stm32f10x_rcc.o(.text)
    RCC_GetClocksFreq                        0x080021f3   Thumb Code   192  stm32f10x_rcc.o(.text)
    RCC_AHBPeriphClockCmd                    0x080022b3   Thumb Code    26  stm32f10x_rcc.o(.text)
    RCC_APB2PeriphClockCmd                   0x080022cd   Thumb Code    26  stm32f10x_rcc.o(.text)
    RCC_APB1PeriphClockCmd                   0x080022e7   Thumb Code    26  stm32f10x_rcc.o(.text)
    RCC_APB2PeriphResetCmd                   0x08002301   Thumb Code    26  stm32f10x_rcc.o(.text)
    RCC_APB1PeriphResetCmd                   0x0800231b   Thumb Code    26  stm32f10x_rcc.o(.text)
    RCC_BackupResetCmd                       0x08002335   Thumb Code     8  stm32f10x_rcc.o(.text)
    RCC_ClockSecuritySystemCmd               0x0800233d   Thumb Code     6  stm32f10x_rcc.o(.text)
    RCC_MCOConfig                            0x08002343   Thumb Code     6  stm32f10x_rcc.o(.text)
    RCC_ClearFlag                            0x08002349   Thumb Code    14  stm32f10x_rcc.o(.text)
    RCC_GetITStatus                          0x08002357   Thumb Code    20  stm32f10x_rcc.o(.text)
    RCC_ClearITPendingBit                    0x0800236b   Thumb Code     6  stm32f10x_rcc.o(.text)
    SPI_I2S_DeInit                           0x08002395   Thumb Code    76  stm32f10x_spi.o(.text)
    SPI_Init                                 0x080023e1   Thumb Code    60  stm32f10x_spi.o(.text)
    I2S_Init                                 0x0800241d   Thumb Code   226  stm32f10x_spi.o(.text)
    SPI_StructInit                           0x080024ff   Thumb Code    24  stm32f10x_spi.o(.text)
    I2S_StructInit                           0x08002517   Thumb Code    20  stm32f10x_spi.o(.text)
    SPI_Cmd                                  0x0800252b   Thumb Code    24  stm32f10x_spi.o(.text)
    I2S_Cmd                                  0x08002543   Thumb Code    24  stm32f10x_spi.o(.text)
    SPI_I2S_ITConfig                         0x0800255b   Thumb Code    32  stm32f10x_spi.o(.text)
    SPI_I2S_DMACmd                           0x0800257b   Thumb Code    18  stm32f10x_spi.o(.text)
    SPI_I2S_SendData                         0x0800258d   Thumb Code     4  stm32f10x_spi.o(.text)
    SPI_I2S_ReceiveData                      0x08002591   Thumb Code     6  stm32f10x_spi.o(.text)
    SPI_NSSInternalSoftwareConfig            0x08002597   Thumb Code    30  stm32f10x_spi.o(.text)
    SPI_SSOutputCmd                          0x080025b5   Thumb Code    24  stm32f10x_spi.o(.text)
    SPI_DataSizeConfig                       0x080025cd   Thumb Code    18  stm32f10x_spi.o(.text)
    SPI_TransmitCRC                          0x080025df   Thumb Code    10  stm32f10x_spi.o(.text)
    SPI_CalculateCRC                         0x080025e9   Thumb Code    24  stm32f10x_spi.o(.text)
    SPI_GetCRC                               0x08002601   Thumb Code    16  stm32f10x_spi.o(.text)
    SPI_GetCRCPolynomial                     0x08002611   Thumb Code     6  stm32f10x_spi.o(.text)
    SPI_BiDirectionalLineConfig              0x08002617   Thumb Code    28  stm32f10x_spi.o(.text)
    SPI_I2S_GetFlagStatus                    0x08002633   Thumb Code    18  stm32f10x_spi.o(.text)
    SPI_I2S_ClearFlag                        0x08002645   Thumb Code     6  stm32f10x_spi.o(.text)
    SPI_I2S_GetITStatus                      0x0800264b   Thumb Code    52  stm32f10x_spi.o(.text)
    SPI_I2S_ClearITPendingBit                0x0800267f   Thumb Code    20  stm32f10x_spi.o(.text)
    USART_DeInit                             0x080026a1   Thumb Code   134  stm32f10x_usart.o(.text)
    USART_Init                               0x08002727   Thumb Code   210  stm32f10x_usart.o(.text)
    USART_StructInit                         0x080027f9   Thumb Code    24  stm32f10x_usart.o(.text)
    USART_ClockInit                          0x08002811   Thumb Code    34  stm32f10x_usart.o(.text)
    USART_ClockStructInit                    0x08002833   Thumb Code    12  stm32f10x_usart.o(.text)
    USART_Cmd                                0x0800283f   Thumb Code    24  stm32f10x_usart.o(.text)
    USART_ITConfig                           0x08002857   Thumb Code    74  stm32f10x_usart.o(.text)
    USART_DMACmd                             0x080028a1   Thumb Code    18  stm32f10x_usart.o(.text)
    USART_SetAddress                         0x080028b3   Thumb Code    18  stm32f10x_usart.o(.text)
    USART_WakeUpConfig                       0x080028c5   Thumb Code    18  stm32f10x_usart.o(.text)
    USART_ReceiverWakeUpCmd                  0x080028d7   Thumb Code    24  stm32f10x_usart.o(.text)
    USART_LINBreakDetectLengthConfig         0x080028ef   Thumb Code    18  stm32f10x_usart.o(.text)
    USART_LINCmd                             0x08002901   Thumb Code    24  stm32f10x_usart.o(.text)
    USART_SendData                           0x08002919   Thumb Code     8  stm32f10x_usart.o(.text)
    USART_ReceiveData                        0x08002921   Thumb Code    10  stm32f10x_usart.o(.text)
    USART_SendBreak                          0x0800292b   Thumb Code    10  stm32f10x_usart.o(.text)
    USART_SetGuardTime                       0x08002935   Thumb Code    16  stm32f10x_usart.o(.text)
    USART_SetPrescaler                       0x08002945   Thumb Code    16  stm32f10x_usart.o(.text)
    USART_SmartCardCmd                       0x08002955   Thumb Code    24  stm32f10x_usart.o(.text)
    USART_SmartCardNACKCmd                   0x0800296d   Thumb Code    24  stm32f10x_usart.o(.text)
    USART_HalfDuplexCmd                      0x08002985   Thumb Code    24  stm32f10x_usart.o(.text)
    USART_OverSampling8Cmd                   0x0800299d   Thumb Code    22  stm32f10x_usart.o(.text)
    USART_OneBitMethodCmd                    0x080029b3   Thumb Code    24  stm32f10x_usart.o(.text)
    USART_IrDAConfig                         0x080029cb   Thumb Code    18  stm32f10x_usart.o(.text)
    USART_IrDACmd                            0x080029dd   Thumb Code    24  stm32f10x_usart.o(.text)
    USART_GetFlagStatus                      0x080029f5   Thumb Code    26  stm32f10x_usart.o(.text)
    USART_ClearFlag                          0x08002a0f   Thumb Code    18  stm32f10x_usart.o(.text)
    USART_GetITStatus                        0x08002a21   Thumb Code    84  stm32f10x_usart.o(.text)
    USART_ClearITPendingBit                  0x08002a75   Thumb Code    52  stm32f10x_usart.o(.text)
    NVIC_PriorityGroupConfig                 0x08002aa9   Thumb Code    10  misc.o(.text)
    NVIC_Init                                0x08002ab3   Thumb Code   100  misc.o(.text)
    NVIC_SetVectorTable                      0x08002b17   Thumb Code    14  misc.o(.text)
    NVIC_SystemLPConfig                      0x08002b25   Thumb Code    34  misc.o(.text)
    SysTick_CLKSourceConfig                  0x08002b47   Thumb Code    40  misc.o(.text)
    ADC_DeInit                               0x08002b85   Thumb Code    78  stm32f10x_adc.o(.text)
    ADC_Init                                 0x08002bd3   Thumb Code    70  stm32f10x_adc.o(.text)
    ADC_StructInit                           0x08002c19   Thumb Code    18  stm32f10x_adc.o(.text)
    ADC_Cmd                                  0x08002c2b   Thumb Code    22  stm32f10x_adc.o(.text)
    ADC_DMACmd                               0x08002c41   Thumb Code    22  stm32f10x_adc.o(.text)
    ADC_ITConfig                             0x08002c57   Thumb Code    24  stm32f10x_adc.o(.text)
    ADC_ResetCalibration                     0x08002c6f   Thumb Code    10  stm32f10x_adc.o(.text)
    ADC_GetResetCalibrationStatus            0x08002c79   Thumb Code    20  stm32f10x_adc.o(.text)
    ADC_StartCalibration                     0x08002c8d   Thumb Code    10  stm32f10x_adc.o(.text)
    ADC_GetCalibrationStatus                 0x08002c97   Thumb Code    20  stm32f10x_adc.o(.text)
    ADC_SoftwareStartConvCmd                 0x08002cab   Thumb Code    22  stm32f10x_adc.o(.text)
    ADC_GetSoftwareStartConvStatus           0x08002cc1   Thumb Code    20  stm32f10x_adc.o(.text)
    ADC_DiscModeChannelCountConfig           0x08002cd5   Thumb Code    24  stm32f10x_adc.o(.text)
    ADC_DiscModeCmd                          0x08002ced   Thumb Code    22  stm32f10x_adc.o(.text)
    ADC_RegularChannelConfig                 0x08002d03   Thumb Code   184  stm32f10x_adc.o(.text)
    ADC_ExternalTrigConvCmd                  0x08002dbb   Thumb Code    22  stm32f10x_adc.o(.text)
    ADC_GetConversionValue                   0x08002dd1   Thumb Code     8  stm32f10x_adc.o(.text)
    ADC_GetDualModeConversionValue           0x08002dd9   Thumb Code     8  stm32f10x_adc.o(.text)
    ADC_AutoInjectedConvCmd                  0x08002de1   Thumb Code    22  stm32f10x_adc.o(.text)
    ADC_InjectedDiscModeCmd                  0x08002df7   Thumb Code    22  stm32f10x_adc.o(.text)
    ADC_ExternalTrigInjectedConvConfig       0x08002e0d   Thumb Code    16  stm32f10x_adc.o(.text)
    ADC_ExternalTrigInjectedConvCmd          0x08002e1d   Thumb Code    22  stm32f10x_adc.o(.text)
    ADC_SoftwareStartInjectedConvCmd         0x08002e33   Thumb Code    22  stm32f10x_adc.o(.text)
    ADC_GetSoftwareStartInjectedConvCmdStatus 0x08002e49   Thumb Code    20  stm32f10x_adc.o(.text)
    ADC_InjectedChannelConfig                0x08002e5d   Thumb Code   130  stm32f10x_adc.o(.text)
    ADC_InjectedSequencerLengthConfig        0x08002edf   Thumb Code    24  stm32f10x_adc.o(.text)
    ADC_SetInjectedOffset                    0x08002ef7   Thumb Code    20  stm32f10x_adc.o(.text)
    ADC_GetInjectedConversionValue           0x08002f0b   Thumb Code    28  stm32f10x_adc.o(.text)
    ADC_AnalogWatchdogCmd                    0x08002f27   Thumb Code    16  stm32f10x_adc.o(.text)
    ADC_AnalogWatchdogThresholdsConfig       0x08002f37   Thumb Code     6  stm32f10x_adc.o(.text)
    ADC_AnalogWatchdogSingleChannelConfig    0x08002f3d   Thumb Code    16  stm32f10x_adc.o(.text)
    ADC_TempSensorVrefintCmd                 0x08002f4d   Thumb Code    64  stm32f10x_adc.o(.text)
    ADC_GetFlagStatus                        0x08002f8d   Thumb Code    18  stm32f10x_adc.o(.text)
    ADC_ClearFlag                            0x08002f9f   Thumb Code     6  stm32f10x_adc.o(.text)
    ADC_GetITStatus                          0x08002fa5   Thumb Code    36  stm32f10x_adc.o(.text)
    ADC_ClearITPendingBit                    0x08002fc9   Thumb Code    10  stm32f10x_adc.o(.text)
    __use_no_semihosting                     0x08002fd3   Thumb Code     2  use_no_semi_2.o(.text)
    __2printf                                0x08002fd5   Thumb Code    20  noretval__2printf.o(.text)
    _printf_pre_padding                      0x08002fed   Thumb Code    44  _printf_pad.o(.text)
    _printf_post_padding                     0x08003019   Thumb Code    34  _printf_pad.o(.text)
    __printf                                 0x0800303b   Thumb Code   270  __printf_wp.o(.text)
    __use_two_region_memory                  0x08003149   Thumb Code     2  heapauxi.o(.text)
    __rt_heap_escrow$2region                 0x0800314b   Thumb Code     2  heapauxi.o(.text)
    __rt_heap_expand$2region                 0x0800314d   Thumb Code     2  heapauxi.o(.text)
    __I$use$semihosting                      0x0800314f   Thumb Code     0  use_no_semi.o(.text)
    __use_no_semihosting_swi                 0x0800314f   Thumb Code     2  use_no_semi.o(.text)
    __lib_sel_fp_printf                      0x08003151   Thumb Code     2  _printf_fp_dec.o(.text)
    _printf_fp_dec_real                      0x080032ff   Thumb Code   616  _printf_fp_dec.o(.text)
    _printf_char_file                        0x08003569   Thumb Code    32  _printf_char_file.o(.text)
    __rt_locale                              0x0800358d   Thumb Code     8  rt_locale_intlibspace.o(.text)
    _ll_udiv10                               0x08003595   Thumb Code   138  lludiv10.o(.text)
    _printf_char_common                      0x0800362b   Thumb Code    32  _printf_char_common.o(.text)
    _printf_fp_infnan                        0x08003651   Thumb Code   112  _printf_fp_infnan.o(.text)
    _btod_etento                             0x080036d1   Thumb Code   212  bigflt0.o(.text)
    ferror                                   0x080037a9   Thumb Code     8  ferror.o(.text)
    __user_libspace                          0x080037b1   Thumb Code     8  libspace.o(.text)
    __user_perproc_libspace                  0x080037b1   Thumb Code     0  libspace.o(.text)
    __user_perthread_libspace                0x080037b1   Thumb Code     0  libspace.o(.text)
    __user_setup_stackheap                   0x080037b9   Thumb Code    74  sys_stackheap_outer.o(.text)
    exit                                     0x08003803   Thumb Code    12  exit.o(.text)
    strcmp                                   0x08003811   Thumb Code   128  strcmpv7m.o(.text)
    _btod_d2e                                0x08003891   Thumb Code    62  btod.o(CL$$btod_d2e)
    _d2e_denorm_low                          0x080038cf   Thumb Code    70  btod.o(CL$$btod_d2e_denorm_low)
    _d2e_norm_op1                            0x08003915   Thumb Code    96  btod.o(CL$$btod_d2e_norm_op1)
    __btod_div_common                        0x08003975   Thumb Code   696  btod.o(CL$$btod_div_common)
    _e2e                                     0x08003cad   Thumb Code   198  btod.o(CL$$btod_e2e)
    _btod_ediv                               0x08003d73   Thumb Code    40  btod.o(CL$$btod_ediv)
    _btod_emul                               0x08003d9b   Thumb Code    40  btod.o(CL$$btod_emul)
    __btod_mult_common                       0x08003dc3   Thumb Code   580  btod.o(CL$$btod_mult_common)
    __ARM_fpclassify                         0x08004007   Thumb Code    40  fpclassify.o(i.__ARM_fpclassify)
    _is_digit                                0x0800402f   Thumb Code    14  __printf_wp.o(i._is_digit)
    _get_lc_numeric                          0x0800403d   Thumb Code    44  lc_numeric_c.o(locale$$code)
    __aeabi_d2f                              0x08004069   Thumb Code     0  d2f.o(x$fpl$d2f)
    _d2f                                     0x08004069   Thumb Code    98  d2f.o(x$fpl$d2f)
    __aeabi_ddiv                             0x080040cd   Thumb Code     0  ddiv.o(x$fpl$ddiv)
    _ddiv                                    0x080040cd   Thumb Code   552  ddiv.o(x$fpl$ddiv)
    __aeabi_d2iz                             0x0800437d   Thumb Code     0  dfix.o(x$fpl$dfix)
    _dfix                                    0x0800437d   Thumb Code    94  dfix.o(x$fpl$dfix)
    __aeabi_i2d                              0x080043db   Thumb Code     0  dflt_clz.o(x$fpl$dflt)
    _dflt                                    0x080043db   Thumb Code    46  dflt_clz.o(x$fpl$dflt)
    __aeabi_ui2d                             0x08004409   Thumb Code     0  dflt_clz.o(x$fpl$dfltu)
    _dfltu                                   0x08004409   Thumb Code    38  dflt_clz.o(x$fpl$dfltu)
    __aeabi_dmul                             0x08004431   Thumb Code     0  dmul.o(x$fpl$dmul)
    _dmul                                    0x08004431   Thumb Code   332  dmul.o(x$fpl$dmul)
    __fpl_dnaninf                            0x08004585   Thumb Code   156  dnaninf.o(x$fpl$dnaninf)
    __fpl_dretinf                            0x08004621   Thumb Code    12  dretinf.o(x$fpl$dretinf)
    __aeabi_f2d                              0x0800462d   Thumb Code     0  f2d.o(x$fpl$f2d)
    _f2d                                     0x0800462d   Thumb Code    86  f2d.o(x$fpl$f2d)
    __aeabi_fadd                             0x08004685   Thumb Code     0  faddsub_clz.o(x$fpl$fadd)
    _fadd                                    0x08004685   Thumb Code   196  faddsub_clz.o(x$fpl$fadd)
    __fpl_fcmp_Inf                           0x08004749   Thumb Code    24  fcmpi.o(x$fpl$fcmpinf)
    __aeabi_f2uiz                            0x08004761   Thumb Code     0  ffixu.o(x$fpl$ffixu)
    _ffixu                                   0x08004761   Thumb Code    62  ffixu.o(x$fpl$ffixu)
    __aeabi_ui2f                             0x080047a1   Thumb Code     0  fflt_clz.o(x$fpl$ffltu)
    _ffltu                                   0x080047a1   Thumb Code    38  fflt_clz.o(x$fpl$ffltu)
    __aeabi_cfcmple                          0x080047c9   Thumb Code     0  fleqf.o(x$fpl$fleqf)
    _fcmple                                  0x080047c9   Thumb Code   104  fleqf.o(x$fpl$fleqf)
    __fpl_fcmple_InfNaN                      0x0800481b   Thumb Code     0  fleqf.o(x$fpl$fleqf)
    __fpl_fnaninf                            0x08004831   Thumb Code   140  fnaninf.o(x$fpl$fnaninf)
    __fpl_fretinf                            0x080048bd   Thumb Code    10  fretinf.o(x$fpl$fretinf)
    __aeabi_cfrcmple                         0x080048c7   Thumb Code     0  frleqf.o(x$fpl$frleqf)
    _frcmple                                 0x080048c7   Thumb Code    98  frleqf.o(x$fpl$frleqf)
    __aeabi_fsub                             0x08004929   Thumb Code     0  faddsub_clz.o(x$fpl$fsub)
    _fsub                                    0x08004929   Thumb Code   234  faddsub_clz.o(x$fpl$fsub)
    _printf_fp_dec                           0x08004a13   Thumb Code     4  printf1.o(x$fpl$printf1)
    __I$use$fp                               0x08004a16   Number         0  usenofp.o(x$fpl$usenofp)
    hanzi32                                  0x08004a16   Data         384  lcd.o(.constdata)
    hanzi16                                  0x08004b96   Data         192  lcd.o(.constdata)
    qqimage                                  0x08004c56   Data        3200  lcd.o(.constdata)
    asc2_1206                                0x080058d6   Data        1140  lcd.o(.constdata)
    asc2_1608                                0x08005d4a   Data        1520  lcd.o(.constdata)
    Region$$Table$$Base                      0x080063d0   Number         0  anon$$obj.o(Region$$Table)
    Region$$Table$$Limit                     0x080063f0   Number         0  anon$$obj.o(Region$$Table)
    t                                        0x20000000   Data           1  main.o(.data)
    len                                      0x20000001   Data           1  main.o(.data)
    density                                  0x20000004   Data           4  main.o(.data)
    hcho_data                                0x20000008   Data           2  main.o(.data)
    SystemCoreClock                          0x2000000c   Data           4  system_stm32f10x.o(.data)
    AHBPrescTable                            0x20000010   Data          16  system_stm32f10x.o(.data)
    POINT_COLOR                              0x20000020   Data           2  lcd.o(.data)
    BACK_COLOR                               0x20000022   Data           2  lcd.o(.data)
    state                                    0x20000024   Data           1  lcd.o(.data)
    __stdout                                 0x20000034   Data           4  usart.o(.data)
    USART_RX_STA                             0x20000038   Data           2  usart.o(.data)
    USART_RX_STA2                            0x2000003a   Data           2  usart.o(.data)
    lcddev                                   0x20000050   Data          10  lcd.o(.bss)
    USART_RX_BUF                             0x20000084   Data         200  usart.o(.bss)
    USART_RX_BUF2                            0x2000014c   Data         200  usart.o(.bss)
    __libspace_start                         0x20000214   Data          96  libspace.o(.bss)
    __temporary_stack_top$libspace           0x20000274   Data           0  libspace.o(.bss)



==============================================================================

Memory Map of the image

  Image Entry point : 0x08000131

  Load Region LR_IROM1 (Base: 0x08000000, Size: 0x0000645c, Max: 0x00010000, ABSOLUTE)

    Execution Region ER_IROM1 (Base: 0x08000000, Size: 0x0000640c, Max: 0x00010000, ABSOLUTE)

    Base Addr    Size         Type   Attr      Idx    E Section Name        Object

    0x08000000   0x00000130   Data   RO          338    RESET               startup_stm32f10x_hd.o
    0x08000130   0x00000008   Code   RO          465  * !!!main             c_w.l(__main.o)
    0x08000138   0x00000034   Code   RO          726    !!!scatter          c_w.l(__scatter.o)
    0x0800016c   0x0000001a   Code   RO          728    !!handler_copy      c_w.l(__scatter_copy.o)
    0x08000186   0x00000002   PAD
    0x08000188   0x0000001c   Code   RO          730    !!handler_zi        c_w.l(__scatter_zi.o)
    0x080001a4   0x00000000   Code   RO          462    .ARM.Collect$$_printf_percent$$00000000  c_w.l(_printf_percent.o)
    0x080001a4   0x00000006   Code   RO          461    .ARM.Collect$$_printf_percent$$00000003  c_w.l(_printf_f.o)
    0x080001aa   0x00000004   Code   RO          514    .ARM.Collect$$_printf_percent$$00000017  c_w.l(_printf_percent_end.o)
    0x080001ae   0x00000002   Code   RO          606    .ARM.Collect$$libinit$$00000000  c_w.l(libinit.o)
    0x080001b0   0x00000000   Code   RO          608    .ARM.Collect$$libinit$$00000002  c_w.l(libinit2.o)
    0x080001b0   0x00000000   Code   RO          611    .ARM.Collect$$libinit$$00000008  c_w.l(libinit2.o)
    0x080001b0   0x00000000   Code   RO          613    .ARM.Collect$$libinit$$0000000A  c_w.l(libinit2.o)
    0x080001b0   0x00000000   Code   RO          615    .ARM.Collect$$libinit$$0000000C  c_w.l(libinit2.o)
    0x080001b0   0x00000006   Code   RO          616    .ARM.Collect$$libinit$$0000000D  c_w.l(libinit2.o)
    0x080001b6   0x00000000   Code   RO          618    .ARM.Collect$$libinit$$0000000F  c_w.l(libinit2.o)
    0x080001b6   0x00000000   Code   RO          620    .ARM.Collect$$libinit$$00000011  c_w.l(libinit2.o)
    0x080001b6   0x00000000   Code   RO          622    .ARM.Collect$$libinit$$00000013  c_w.l(libinit2.o)
    0x080001b6   0x0000000a   Code   RO          623    .ARM.Collect$$libinit$$00000014  c_w.l(libinit2.o)
    0x080001c0   0x00000000   Code   RO          624    .ARM.Collect$$libinit$$00000015  c_w.l(libinit2.o)
    0x080001c0   0x00000000   Code   RO          626    .ARM.Collect$$libinit$$00000017  c_w.l(libinit2.o)
    0x080001c0   0x00000000   Code   RO          628    .ARM.Collect$$libinit$$00000019  c_w.l(libinit2.o)
    0x080001c0   0x00000000   Code   RO          630    .ARM.Collect$$libinit$$0000001B  c_w.l(libinit2.o)
    0x080001c0   0x00000000   Code   RO          632    .ARM.Collect$$libinit$$0000001D  c_w.l(libinit2.o)
    0x080001c0   0x00000000   Code   RO          634    .ARM.Collect$$libinit$$0000001F  c_w.l(libinit2.o)
    0x080001c0   0x00000000   Code   RO          636    .ARM.Collect$$libinit$$00000021  c_w.l(libinit2.o)
    0x080001c0   0x00000000   Code   RO          638    .ARM.Collect$$libinit$$00000023  c_w.l(libinit2.o)
    0x080001c0   0x00000000   Code   RO          642    .ARM.Collect$$libinit$$0000002A  c_w.l(libinit2.o)
    0x080001c0   0x00000000   Code   RO          644    .ARM.Collect$$libinit$$0000002C  c_w.l(libinit2.o)
    0x080001c0   0x00000000   Code   RO          646    .ARM.Collect$$libinit$$0000002E  c_w.l(libinit2.o)
    0x080001c0   0x00000000   Code   RO          648    .ARM.Collect$$libinit$$00000030  c_w.l(libinit2.o)
    0x080001c0   0x00000002   Code   RO          649    .ARM.Collect$$libinit$$00000031  c_w.l(libinit2.o)
    0x080001c2   0x00000002   Code   RO          677    .ARM.Collect$$libshutdown$$00000000  c_w.l(libshutdown.o)
    0x080001c4   0x00000000   Code   RO          687    .ARM.Collect$$libshutdown$$00000003  c_w.l(libshutdown2.o)
    0x080001c4   0x00000000   Code   RO          690    .ARM.Collect$$libshutdown$$00000006  c_w.l(libshutdown2.o)
    0x080001c4   0x00000000   Code   RO          693    .ARM.Collect$$libshutdown$$00000009  c_w.l(libshutdown2.o)
    0x080001c4   0x00000000   Code   RO          695    .ARM.Collect$$libshutdown$$0000000B  c_w.l(libshutdown2.o)
    0x080001c4   0x00000000   Code   RO          698    .ARM.Collect$$libshutdown$$0000000E  c_w.l(libshutdown2.o)
    0x080001c4   0x00000002   Code   RO          699    .ARM.Collect$$libshutdown$$0000000F  c_w.l(libshutdown2.o)
    0x080001c6   0x00000000   Code   RO          509    .ARM.Collect$$rtentry$$00000000  c_w.l(rtentry.o)
    0x080001c6   0x00000000   Code   RO          527    .ARM.Collect$$rtentry$$00000002  c_w.l(rtentry2.o)
    0x080001c6   0x00000006   Code   RO          539    .ARM.Collect$$rtentry$$00000004  c_w.l(rtentry4.o)
    0x080001cc   0x00000000   Code   RO          529    .ARM.Collect$$rtentry$$00000009  c_w.l(rtentry2.o)
    0x080001cc   0x00000004   Code   RO          530    .ARM.Collect$$rtentry$$0000000A  c_w.l(rtentry2.o)
    0x080001d0   0x00000000   Code   RO          532    .ARM.Collect$$rtentry$$0000000C  c_w.l(rtentry2.o)
    0x080001d0   0x00000008   Code   RO          533    .ARM.Collect$$rtentry$$0000000D  c_w.l(rtentry2.o)
    0x080001d8   0x00000002   Code   RO          650    .ARM.Collect$$rtexit$$00000000  c_w.l(rtexit.o)
    0x080001da   0x00000000   Code   RO          657    .ARM.Collect$$rtexit$$00000002  c_w.l(rtexit2.o)
    0x080001da   0x00000004   Code   RO          658    .ARM.Collect$$rtexit$$00000003  c_w.l(rtexit2.o)
    0x080001de   0x00000006   Code   RO          659    .ARM.Collect$$rtexit$$00000004  c_w.l(rtexit2.o)
    0x080001e4   0x00000414   Code   RO            1    .text               main.o
    0x080005f8   0x0000001a   Code   RO          140    .text               stm32f10x_it.o
    0x08000612   0x00000002   PAD
    0x08000614   0x000001e0   Code   RO          181    .text               system_stm32f10x.o
    0x080007f4   0x0000025c   Code   RO          199    .text               spi.o
    0x08000a50   0x00000050   Code   RO          215    .text               led.o
    0x08000aa0   0x00000bb4   Code   RO          239    .text               lcd.o
    0x08001654   0x00000248   Code   RO          262    .text               gp2y1010au.o
    0x0800189c   0x000000d4   Code   RO          276    .text               delay.o
    0x08001970   0x00000074   Code   RO          290    .text               sys.o
    0x080019e4   0x00000270   Code   RO          302    .text               usart.o
    0x08001c54   0x00000040   Code   RO          339    .text               startup_stm32f10x_hd.o
    0x08001c94   0x0000035c   Code   RO          355    .text               stm32f10x_gpio.o
    0x08001ff0   0x000003a4   Code   RO          367    .text               stm32f10x_rcc.o
    0x08002394   0x0000030c   Code   RO          381    .text               stm32f10x_spi.o
    0x080026a0   0x00000408   Code   RO          393    .text               stm32f10x_usart.o
    0x08002aa8   0x000000dc   Code   RO          405    .text               misc.o
    0x08002b84   0x0000044e   Code   RO          417    .text               stm32f10x_adc.o
    0x08002fd2   0x00000002   Code   RO          431    .text               c_w.l(use_no_semi_2.o)
    0x08002fd4   0x00000018   Code   RO          435    .text               c_w.l(noretval__2printf.o)
    0x08002fec   0x0000004e   Code   RO          439    .text               c_w.l(_printf_pad.o)
    0x0800303a   0x0000010e   Code   RO          449    .text               c_w.l(__printf_wp.o)
    0x08003148   0x00000006   Code   RO          463    .text               c_w.l(heapauxi.o)
    0x0800314e   0x00000002   Code   RO          507    .text               c_w.l(use_no_semi.o)
    0x08003150   0x00000416   Code   RO          510    .text               c_w.l(_printf_fp_dec.o)
    0x08003566   0x00000002   PAD
    0x08003568   0x00000024   Code   RO          512    .text               c_w.l(_printf_char_file.o)
    0x0800358c   0x00000008   Code   RO          544    .text               c_w.l(rt_locale_intlibspace.o)
    0x08003594   0x0000008a   Code   RO          546    .text               c_w.l(lludiv10.o)
    0x0800361e   0x00000002   PAD
    0x08003620   0x00000030   Code   RO          548    .text               c_w.l(_printf_char_common.o)
    0x08003650   0x00000080   Code   RO          550    .text               c_w.l(_printf_fp_infnan.o)
    0x080036d0   0x000000d8   Code   RO          552    .text               c_w.l(bigflt0.o)
    0x080037a8   0x00000008   Code   RO          577    .text               c_w.l(ferror.o)
    0x080037b0   0x00000008   Code   RO          590    .text               c_w.l(libspace.o)
    0x080037b8   0x0000004a   Code   RO          593    .text               c_w.l(sys_stackheap_outer.o)
    0x08003802   0x0000000c   Code   RO          597    .text               c_w.l(exit.o)
    0x0800380e   0x00000002   PAD
    0x08003810   0x00000080   Code   RO          599    .text               c_w.l(strcmpv7m.o)
    0x08003890   0x0000003e   Code   RO          555    CL$$btod_d2e        c_w.l(btod.o)
    0x080038ce   0x00000046   Code   RO          557    CL$$btod_d2e_denorm_low  c_w.l(btod.o)
    0x08003914   0x00000060   Code   RO          556    CL$$btod_d2e_norm_op1  c_w.l(btod.o)
    0x08003974   0x00000338   Code   RO          565    CL$$btod_div_common  c_w.l(btod.o)
    0x08003cac   0x000000c6   Code   RO          562    CL$$btod_e2e        c_w.l(btod.o)
    0x08003d72   0x00000028   Code   RO          559    CL$$btod_ediv       c_w.l(btod.o)
    0x08003d9a   0x00000028   Code   RO          558    CL$$btod_emul       c_w.l(btod.o)
    0x08003dc2   0x00000244   Code   RO          564    CL$$btod_mult_common  c_w.l(btod.o)
    0x08004006   0x00000028   Code   RO          588    i.__ARM_fpclassify  m_ws.l(fpclassify.o)
    0x0800402e   0x0000000e   Code   RO          451    i._is_digit         c_w.l(__printf_wp.o)
    0x0800403c   0x0000002c   Code   RO          582    locale$$code        c_w.l(lc_numeric_c.o)
    0x08004068   0x00000062   Code   RO          467    x$fpl$d2f           fz_ws.l(d2f.o)
    0x080040ca   0x00000002   PAD
    0x080040cc   0x000002b0   Code   RO          470    x$fpl$ddiv          fz_ws.l(ddiv.o)
    0x0800437c   0x0000005e   Code   RO          473    x$fpl$dfix          fz_ws.l(dfix.o)
    0x080043da   0x0000002e   Code   RO          478    x$fpl$dflt          fz_ws.l(dflt_clz.o)
    0x08004408   0x00000026   Code   RO          477    x$fpl$dfltu         fz_ws.l(dflt_clz.o)
    0x0800442e   0x00000002   PAD
    0x08004430   0x00000154   Code   RO          483    x$fpl$dmul          fz_ws.l(dmul.o)
    0x08004584   0x0000009c   Code   RO          515    x$fpl$dnaninf       fz_ws.l(dnaninf.o)
    0x08004620   0x0000000c   Code   RO          517    x$fpl$dretinf       fz_ws.l(dretinf.o)
    0x0800462c   0x00000056   Code   RO          485    x$fpl$f2d           fz_ws.l(f2d.o)
    0x08004682   0x00000002   PAD
    0x08004684   0x000000c4   Code   RO          487    x$fpl$fadd          fz_ws.l(faddsub_clz.o)
    0x08004748   0x00000018   Code   RO          584    x$fpl$fcmpinf       fz_ws.l(fcmpi.o)
    0x08004760   0x0000003e   Code   RO          493    x$fpl$ffixu         fz_ws.l(ffixu.o)
    0x0800479e   0x00000002   PAD
    0x080047a0   0x00000026   Code   RO          497    x$fpl$ffltu         fz_ws.l(fflt_clz.o)
    0x080047c6   0x00000002   PAD
    0x080047c8   0x00000068   Code   RO          519    x$fpl$fleqf         fz_ws.l(fleqf.o)
    0x08004830   0x0000008c   Code   RO          521    x$fpl$fnaninf       fz_ws.l(fnaninf.o)
    0x080048bc   0x0000000a   Code   RO          523    x$fpl$fretinf       fz_ws.l(fretinf.o)
    0x080048c6   0x00000062   Code   RO          503    x$fpl$frleqf        fz_ws.l(frleqf.o)
    0x08004928   0x000000ea   Code   RO          489    x$fpl$fsub          fz_ws.l(faddsub_clz.o)
    0x08004a12   0x00000004   Code   RO          505    x$fpl$printf1       fz_ws.l(printf1.o)
    0x08004a16   0x00000000   Code   RO          525    x$fpl$usenofp       fz_ws.l(usenofp.o)
    0x08004a16   0x00001924   Data   RO          241    .constdata          lcd.o
    0x0800633a   0x00000002   PAD
    0x0800633c   0x00000094   Data   RO          553    .constdata          c_w.l(bigflt0.o)
    0x080063d0   0x00000020   Data   RO          724    Region$$Table       anon$$obj.o
    0x080063f0   0x0000001c   Data   RO          581    locale$$data        c_w.l(lc_numeric_c.o)


    Execution Region RW_IRAM1 (Base: 0x20000000, Size: 0x00000878, Max: 0x00005000, ABSOLUTE)

    Base Addr    Size         Type   Attr      Idx    E Section Name        Object

    0x20000000   0x0000000a   Data   RW            2    .data               main.o
    0x2000000a   0x00000002   PAD
    0x2000000c   0x00000014   Data   RW          182    .data               system_stm32f10x.o
    0x20000020   0x00000005   Data   RW          242    .data               lcd.o
    0x20000025   0x00000003   PAD
    0x20000028   0x00000008   Data   RW          264    .data               gp2y1010au.o
    0x20000030   0x00000004   Data   RW          277    .data               delay.o
    0x20000034   0x00000008   Data   RW          304    .data               usart.o
    0x2000003c   0x00000014   Data   RW          368    .data               stm32f10x_rcc.o
    0x20000050   0x0000000a   Zero   RW          240    .bss                lcd.o
    0x2000005a   0x00000002   PAD
    0x2000005c   0x00000028   Zero   RW          263    .bss                gp2y1010au.o
    0x20000084   0x00000190   Zero   RW          303    .bss                usart.o
    0x20000214   0x00000060   Zero   RW          591    .bss                c_w.l(libspace.o)
    0x20000274   0x00000004   PAD
    0x20000278   0x00000200   Zero   RW          337    HEAP                startup_stm32f10x_hd.o
    0x20000478   0x00000400   Zero   RW          336    STACK               startup_stm32f10x_hd.o


==============================================================================

Image component sizes


      Code (inc. data)   RO Data    RW Data    ZI Data      Debug   Object Name

         0          0          0          0          0         32   core_cm3.o
       212         18          0          4          0       1031   delay.o
       584         46          0          8         40       2008   gp2y1010au.o
      2996        110       6436          5         10      11461   lcd.o
        80          8          0          0          0        507   led.o
      1044        278          0         10          0     247774   main.o
       220         22          0          0          0       1817   misc.o
       604         18          0          0          0       2270   spi.o
        64         26        304          0       1536        792   startup_stm32f10x_hd.o
      1102         26          0          0          0      10849   stm32f10x_adc.o
       860         38          0          0          0       5661   stm32f10x_gpio.o
        26          0          0          0          0       1190   stm32f10x_it.o
       932         36          0         20          0       8840   stm32f10x_rcc.o
       780         14          0          0          0       6542   stm32f10x_spi.o
      1032         22          0          0          0       8388   stm32f10x_usart.o
       116          0          0          0          0        962   sys.o
       480         38          0         20          0       1767   system_stm32f10x.o
       624         30          0          8        400       3647   usart.o

    ----------------------------------------------------------------------
     11758        730       6774         80       1988     315538   Object Totals
         0          0         32          0          0          0   (incl. Generated)
         2          0          2          5          2          0   (incl. Padding)

    ----------------------------------------------------------------------

      Code (inc. data)   RO Data    RW Data    ZI Data      Debug   Library Member Name

         8          0          0          0          0         68   __main.o
       284          0          0          0          0        156   __printf_wp.o
        52          8          0          0          0          0   __scatter.o
        26          0          0          0          0          0   __scatter_copy.o
        28          0          0          0          0          0   __scatter_zi.o
        48          6          0          0          0         96   _printf_char_common.o
        36          4          0          0          0         80   _printf_char_file.o
         6          0          0          0          0          0   _printf_f.o
      1046          0          0          0          0        216   _printf_fp_dec.o
       128         16          0          0          0         84   _printf_fp_infnan.o
        78          0          0          0          0        108   _printf_pad.o
         0          0          0          0          0          0   _printf_percent.o
         4          0          0          0          0          0   _printf_percent_end.o
       216          4        148          0          0         96   bigflt0.o
      1910        128          0          0          0        672   btod.o
        12          0          0          0          0         72   exit.o
         8          0          0          0          0         68   ferror.o
         6          0          0          0          0        152   heapauxi.o
        44         10         28          0          0         76   lc_numeric_c.o
         2          0          0          0          0          0   libinit.o
        18          0          0          0          0          0   libinit2.o
         2          0          0          0          0          0   libshutdown.o
         2          0          0          0          0          0   libshutdown2.o
         8          4          0          0         96         68   libspace.o
       138          0          0          0          0         80   lludiv10.o
        24          4          0          0          0         84   noretval__2printf.o
         8          4          0          0          0         68   rt_locale_intlibspace.o
         0          0          0          0          0          0   rtentry.o
        12          0          0          0          0          0   rtentry2.o
         6          0          0          0          0          0   rtentry4.o
         2          0          0          0          0          0   rtexit.o
        10          0          0          0          0          0   rtexit2.o
       128          0          0          0          0         68   strcmpv7m.o
        74          0          0          0          0         80   sys_stackheap_outer.o
         2          0          0          0          0         68   use_no_semi.o
         2          0          0          0          0         68   use_no_semi_2.o
        98          4          0          0          0         92   d2f.o
       688        140          0          0          0        208   ddiv.o
        94          4          0          0          0         92   dfix.o
        84          0          0          0          0        136   dflt_clz.o
       340         12          0          0          0        104   dmul.o
       156          4          0          0          0         92   dnaninf.o
        12          0          0          0          0         68   dretinf.o
        86          4          0          0          0         84   f2d.o
       430          8          0          0          0        168   faddsub_clz.o
        24          0          0          0          0         68   fcmpi.o
        62          4          0          0          0         84   ffixu.o
        38          0          0          0          0         68   fflt_clz.o
       104          4          0          0          0         84   fleqf.o
       140          4          0          0          0         84   fnaninf.o
        10          0          0          0          0         68   fretinf.o
        98          0          0          0          0         68   frleqf.o
         4          0          0          0          0         68   printf1.o
         0          0          0          0          0          0   usenofp.o
        40          0          0          0          0         68   fpclassify.o

    ----------------------------------------------------------------------
      6904        376        176          0        100       4232   Library Totals
        18          0          0          0          4          0   (incl. Padding)

    ----------------------------------------------------------------------

      Code (inc. data)   RO Data    RW Data    ZI Data      Debug   Library Name

      4378        188        176          0         96       2528   c_w.l
      2468        188          0          0          0       1636   fz_ws.l
        40          0          0          0          0         68   m_ws.l

    ----------------------------------------------------------------------
      6904        376        176          0        100       4232   Library Totals

    ----------------------------------------------------------------------

==============================================================================


      Code (inc. data)   RO Data    RW Data    ZI Data      Debug   

     18662       1106       6950         80       2088     315866   Grand Totals
     18662       1106       6950         80       2088     315866   ELF Image Totals
     18662       1106       6950         80          0          0   ROM Totals

==============================================================================

    Total RO  Size (Code + RO Data)                25612 (  25.01kB)
    Total RW  Size (RW Data + ZI Data)              2168 (   2.12kB)
    Total ROM Size (Code + RO Data + RW Data)      25692 (  25.09kB)

==============================================================================

